=== ITERATION 1 / 10 ===
Mode:          TBB
Total time:              419188 microseconds
Total iterations:       27
Total starting regions: 806
Total stored regions:   0
LOSE
Total time including region generation: 429128 microseconds
terminate called after throwing an instance of 'std::runtime_error'
  what():  No winning controller strategy exists, hence the strategy graph cannot be computed!
./entrypoint.sh: line 130: 39650 Aborted                    (core dumped) "./$exec_name" "$@"
[EXIT CODE]: 134

=== ITERATION 2 / 10 ===
Mode:          TBB
Total time:              408806 microseconds
Total iterations:       27
Total starting regions: 806
Total stored regions:   0
LOSE
Total time including region generation: 419714 microseconds
terminate called after throwing an instance of 'std::runtime_error'
  what():  No winning controller strategy exists, hence the strategy graph cannot be computed!
./entrypoint.sh: line 130: 39715 Aborted                    (core dumped) "./$exec_name" "$@"
[EXIT CODE]: 134

=== ITERATION 3 / 10 ===
Mode:          TBB
Total time:              414451 microseconds
Total iterations:       27
Total starting regions: 806
Total stored regions:   0
LOSE
Total time including region generation: 423132 microseconds
terminate called after throwing an instance of 'std::runtime_error'
  what():  No winning controller strategy exists, hence the strategy graph cannot be computed!
./entrypoint.sh: line 130: 39784 Aborted                    (core dumped) "./$exec_name" "$@"
[EXIT CODE]: 134

=== ITERATION 4 / 10 ===
Mode:          TBB
Total time:              419605 microseconds
Total iterations:       27
Total starting regions: 806
Total stored regions:   0
LOSE
Total time including region generation: 429789 microseconds
terminate called after throwing an instance of 'std::runtime_error'
  what():  No winning controller strategy exists, hence the strategy graph cannot be computed!
./entrypoint.sh: line 130: 39853 Aborted                    (core dumped) "./$exec_name" "$@"
[EXIT CODE]: 134

=== ITERATION 5 / 10 ===
Mode:          TBB
Total time:              418975 microseconds
Total iterations:       27
Total starting regions: 806
Total stored regions:   0
LOSE
Total time including region generation: 429627 microseconds
terminate called after throwing an instance of 'std::runtime_error'
  what():  No winning controller strategy exists, hence the strategy graph cannot be computed!
./entrypoint.sh: line 130: 39920 Aborted                    (core dumped) "./$exec_name" "$@"
[EXIT CODE]: 134

=== ITERATION 6 / 10 ===
Mode:          TBB
Total time:              418120 microseconds
Total iterations:       27
Total starting regions: 806
Total stored regions:   0
LOSE
Total time including region generation: 428072 microseconds
terminate called after throwing an instance of 'std::runtime_error'
  what():  No winning controller strategy exists, hence the strategy graph cannot be computed!
./entrypoint.sh: line 130: 39985 Aborted                    (core dumped) "./$exec_name" "$@"
[EXIT CODE]: 134

=== ITERATION 7 / 10 ===
Mode:          TBB
Total time:              413581 microseconds
Total iterations:       27
Total starting regions: 806
Total stored regions:   0
LOSE
Total time including region generation: 424051 microseconds
terminate called after throwing an instance of 'std::runtime_error'
  what():  No winning controller strategy exists, hence the strategy graph cannot be computed!
./entrypoint.sh: line 130: 40050 Aborted                    (core dumped) "./$exec_name" "$@"
[EXIT CODE]: 134

=== ITERATION 8 / 10 ===
Mode:          TBB
Total time:              403704 microseconds
Total iterations:       27
Total starting regions: 806
Total stored regions:   0
LOSE
Total time including region generation: 413990 microseconds
terminate called after throwing an instance of 'std::runtime_error'
  what():  No winning controller strategy exists, hence the strategy graph cannot be computed!
./entrypoint.sh: line 130: 40115 Aborted                    (core dumped) "./$exec_name" "$@"
[EXIT CODE]: 134

=== ITERATION 9 / 10 ===
Mode:          TBB
Total time:              422183 microseconds
Total iterations:       27
Total starting regions: 806
Total stored regions:   0
LOSE
Total time including region generation: 432179 microseconds
terminate called after throwing an instance of 'std::runtime_error'
  what():  No winning controller strategy exists, hence the strategy graph cannot be computed!
./entrypoint.sh: line 130: 40185 Aborted                    (core dumped) "./$exec_name" "$@"
[EXIT CODE]: 134

=== ITERATION 10 / 10 ===
Mode:          TBB
Total time:              463529 microseconds
Total iterations:       27
Total starting regions: 806
Total stored regions:   0
LOSE
Total time including region generation: 474041 microseconds
terminate called after throwing an instance of 'std::runtime_error'
  what():  No winning controller strategy exists, hence the strategy graph cannot be computed!
./entrypoint.sh: line 130: 40255 Aborted                    (core dumped) "./$exec_name" "$@"
[EXIT CODE]: 134

