=== ITERATION 1 / 10 ===
Mode:          OpenMP
Total time:              740018 microseconds
Total iterations:       27
Total starting regions: 806
Total stored regions:   0
LOSE
Total time including region generation: 750656 microseconds
terminate called after throwing an instance of 'std::runtime_error'
  what():  No winning controller strategy exists, hence the strategy graph cannot be computed!
./entrypoint.sh: line 174: 77321 Aborted                    (core dumped) "./$exec_name" "$@"
[EXIT CODE]: 134

=== ITERATION 2 / 10 ===
Mode:          OpenMP
Total time:              719643 microseconds
Total iterations:       27
Total starting regions: 806
Total stored regions:   0
LOSE
Total time including region generation: 729996 microseconds
terminate called after throwing an instance of 'std::runtime_error'
  what():  No winning controller strategy exists, hence the strategy graph cannot be computed!
./entrypoint.sh: line 174: 77360 Aborted                    (core dumped) "./$exec_name" "$@"
[EXIT CODE]: 134

=== ITERATION 3 / 10 ===
Mode:          OpenMP
Total time:              738248 microseconds
Total iterations:       27
Total starting regions: 806
Total stored regions:   0
LOSE
Total time including region generation: 747477 microseconds
terminate called after throwing an instance of 'std::runtime_error'
  what():  No winning controller strategy exists, hence the strategy graph cannot be computed!
./entrypoint.sh: line 174: 77390 Aborted                    (core dumped) "./$exec_name" "$@"
[EXIT CODE]: 134

=== ITERATION 4 / 10 ===
Mode:          OpenMP
Total time:              733274 microseconds
Total iterations:       27
Total starting regions: 806
Total stored regions:   0
LOSE
Total time including region generation: 743141 microseconds
terminate called after throwing an instance of 'std::runtime_error'
  what():  No winning controller strategy exists, hence the strategy graph cannot be computed!
./entrypoint.sh: line 174: 77428 Aborted                    (core dumped) "./$exec_name" "$@"
[EXIT CODE]: 134

=== ITERATION 5 / 10 ===
Mode:          OpenMP
Total time:              734224 microseconds
Total iterations:       27
Total starting regions: 806
Total stored regions:   0
LOSE
Total time including region generation: 744814 microseconds
terminate called after throwing an instance of 'std::runtime_error'
  what():  No winning controller strategy exists, hence the strategy graph cannot be computed!
./entrypoint.sh: line 174: 77459 Aborted                    (core dumped) "./$exec_name" "$@"
[EXIT CODE]: 134

=== ITERATION 6 / 10 ===
Mode:          OpenMP
Total time:              734790 microseconds
Total iterations:       27
Total starting regions: 806
Total stored regions:   0
LOSE
Total time including region generation: 742367 microseconds
terminate called after throwing an instance of 'std::runtime_error'
  what():  No winning controller strategy exists, hence the strategy graph cannot be computed!
./entrypoint.sh: line 174: 77493 Aborted                    (core dumped) "./$exec_name" "$@"
[EXIT CODE]: 134

=== ITERATION 7 / 10 ===
Mode:          OpenMP
Total time:              736138 microseconds
Total iterations:       27
Total starting regions: 806
Total stored regions:   0
LOSE
Total time including region generation: 744928 microseconds
terminate called after throwing an instance of 'std::runtime_error'
  what():  No winning controller strategy exists, hence the strategy graph cannot be computed!
./entrypoint.sh: line 174: 77527 Aborted                    (core dumped) "./$exec_name" "$@"
[EXIT CODE]: 134

=== ITERATION 8 / 10 ===
Mode:          OpenMP
Total time:              739621 microseconds
Total iterations:       27
Total starting regions: 806
Total stored regions:   0
LOSE
Total time including region generation: 749497 microseconds
terminate called after throwing an instance of 'std::runtime_error'
  what():  No winning controller strategy exists, hence the strategy graph cannot be computed!
./entrypoint.sh: line 174: 77557 Aborted                    (core dumped) "./$exec_name" "$@"
[EXIT CODE]: 134

=== ITERATION 9 / 10 ===
Mode:          OpenMP
Total time:              737980 microseconds
Total iterations:       27
Total starting regions: 806
Total stored regions:   0
LOSE
Total time including region generation: 747414 microseconds
terminate called after throwing an instance of 'std::runtime_error'
  what():  No winning controller strategy exists, hence the strategy graph cannot be computed!
./entrypoint.sh: line 174: 77595 Aborted                    (core dumped) "./$exec_name" "$@"
[EXIT CODE]: 134

=== ITERATION 10 / 10 ===
Mode:          OpenMP
Total time:              718290 microseconds
Total iterations:       27
Total starting regions: 806
Total stored regions:   0
LOSE
Total time including region generation: 728440 microseconds
terminate called after throwing an instance of 'std::runtime_error'
  what():  No winning controller strategy exists, hence the strategy graph cannot be computed!
./entrypoint.sh: line 174: 77625 Aborted                    (core dumped) "./$exec_name" "$@"
[EXIT CODE]: 134

