=== ITERATION 1 / 10 ===
Mode:          OpenMP
Total time:              700458 microseconds
Total iterations:       27
Total starting regions: 806
Total stored regions:   0
LOSE
Total time including region generation: 710753 microseconds
terminate called after throwing an instance of 'std::runtime_error'
  what():  No winning controller strategy exists, hence the strategy graph cannot be computed!
./entrypoint.sh: line 130: 50221 Aborted                    (core dumped) "./$exec_name" "$@"
[EXIT CODE]: 134

=== ITERATION 2 / 10 ===
Mode:          OpenMP
Total time:              688306 microseconds
Total iterations:       27
Total starting regions: 806
Total stored regions:   0
LOSE
Total time including region generation: 696908 microseconds
terminate called after throwing an instance of 'std::runtime_error'
  what():  No winning controller strategy exists, hence the strategy graph cannot be computed!
./entrypoint.sh: line 130: 50272 Aborted                    (core dumped) "./$exec_name" "$@"
[EXIT CODE]: 134

=== ITERATION 3 / 10 ===
Mode:          OpenMP
Total time:              699390 microseconds
Total iterations:       27
Total starting regions: 806
Total stored regions:   0
LOSE
Total time including region generation: 707457 microseconds
terminate called after throwing an instance of 'std::runtime_error'
  what():  No winning controller strategy exists, hence the strategy graph cannot be computed!
./entrypoint.sh: line 130: 50319 Aborted                    (core dumped) "./$exec_name" "$@"
[EXIT CODE]: 134

=== ITERATION 4 / 10 ===
Mode:          OpenMP
Total time:              714301 microseconds
Total iterations:       27
Total starting regions: 806
Total stored regions:   0
LOSE
Total time including region generation: 724535 microseconds
terminate called after throwing an instance of 'std::runtime_error'
  what():  No winning controller strategy exists, hence the strategy graph cannot be computed!
./entrypoint.sh: line 130: 50365 Aborted                    (core dumped) "./$exec_name" "$@"
[EXIT CODE]: 134

=== ITERATION 5 / 10 ===
Mode:          OpenMP
Total time:              704226 microseconds
Total iterations:       27
Total starting regions: 806
Total stored regions:   0
LOSE
Total time including region generation: 713279 microseconds
terminate called after throwing an instance of 'std::runtime_error'
  what():  No winning controller strategy exists, hence the strategy graph cannot be computed!
./entrypoint.sh: line 130: 50412 Aborted                    (core dumped) "./$exec_name" "$@"
[EXIT CODE]: 134

=== ITERATION 6 / 10 ===
Mode:          OpenMP
Total time:              717765 microseconds
Total iterations:       27
Total starting regions: 806
Total stored regions:   0
LOSE
Total time including region generation: 726338 microseconds
terminate called after throwing an instance of 'std::runtime_error'
  what():  No winning controller strategy exists, hence the strategy graph cannot be computed!
./entrypoint.sh: line 130: 50462 Aborted                    (core dumped) "./$exec_name" "$@"
[EXIT CODE]: 134

=== ITERATION 7 / 10 ===
Mode:          OpenMP
Total time:              693813 microseconds
Total iterations:       27
Total starting regions: 806
Total stored regions:   0
LOSE
Total time including region generation: 703451 microseconds
terminate called after throwing an instance of 'std::runtime_error'
  what():  No winning controller strategy exists, hence the strategy graph cannot be computed!
./entrypoint.sh: line 130: 50512 Aborted                    (core dumped) "./$exec_name" "$@"
[EXIT CODE]: 134

=== ITERATION 8 / 10 ===
Mode:          OpenMP
Total time:              695977 microseconds
Total iterations:       27
Total starting regions: 806
Total stored regions:   0
LOSE
Total time including region generation: 705045 microseconds
terminate called after throwing an instance of 'std::runtime_error'
  what():  No winning controller strategy exists, hence the strategy graph cannot be computed!
./entrypoint.sh: line 130: 50558 Aborted                    (core dumped) "./$exec_name" "$@"
[EXIT CODE]: 134

=== ITERATION 9 / 10 ===
Mode:          OpenMP
Total time:              704302 microseconds
Total iterations:       27
Total starting regions: 806
Total stored regions:   0
LOSE
Total time including region generation: 714023 microseconds
terminate called after throwing an instance of 'std::runtime_error'
  what():  No winning controller strategy exists, hence the strategy graph cannot be computed!
./entrypoint.sh: line 130: 50605 Aborted                    (core dumped) "./$exec_name" "$@"
[EXIT CODE]: 134

=== ITERATION 10 / 10 ===
Mode:          OpenMP
Total time:              708468 microseconds
Total iterations:       27
Total starting regions: 806
Total stored regions:   0
LOSE
Total time including region generation: 719016 microseconds
terminate called after throwing an instance of 'std::runtime_error'
  what():  No winning controller strategy exists, hence the strategy graph cannot be computed!
./entrypoint.sh: line 130: 50651 Aborted                    (core dumped) "./$exec_name" "$@"
[EXIT CODE]: 134

