=== ITERATION 1 / 10 ===
Mode:          Sequential.
Total time:              234135633 microseconds
Total iterations:       27
Total starting regions: 74966
Total stored regions:   1
VICTORY
Total time including region generation: 239155785 microseconds
-----
[EXIT CODE]: 0

=== ITERATION 2 / 10 ===
Mode:          Sequential.
Total time:              100068804 microseconds
Total iterations:       27
Total starting regions: 74966
Total stored regions:   1
VICTORY
Total time including region generation: 105635101 microseconds
-----
[EXIT CODE]: 0

=== ITERATION 3 / 10 ===
Mode:          Sequential.
Total time:              94916849 microseconds
Total iterations:       27
Total starting regions: 74966
Total stored regions:   1
VICTORY
Total time including region generation: 96803701 microseconds
-----
[EXIT CODE]: 0

=== ITERATION 4 / 10 ===
Mode:          Sequential.
Total time:              93910123 microseconds
Total iterations:       27
Total starting regions: 74966
Total stored regions:   1
VICTORY
Total time including region generation: 95801247 microseconds
-----
[EXIT CODE]: 0

=== ITERATION 5 / 10 ===
Mode:          Sequential.
Total time:              94293601 microseconds
Total iterations:       27
Total starting regions: 74966
Total stored regions:   1
VICTORY
Total time including region generation: 96187859 microseconds
-----
[EXIT CODE]: 0

=== ITERATION 6 / 10 ===
Mode:          Sequential.
Total time:              93836526 microseconds
Total iterations:       27
Total starting regions: 74966
Total stored regions:   1
VICTORY
Total time including region generation: 95736711 microseconds
-----
[EXIT CODE]: 0

=== ITERATION 7 / 10 ===
Mode:          Sequential.
Total time:              94471055 microseconds
Total iterations:       27
Total starting regions: 74966
Total stored regions:   1
VICTORY
Total time including region generation: 96384377 microseconds
-----
[EXIT CODE]: 0

=== ITERATION 8 / 10 ===
Mode:          Sequential.
Total time:              94810998 microseconds
Total iterations:       27
Total starting regions: 74966
Total stored regions:   1
VICTORY
Total time including region generation: 96711297 microseconds
-----
[EXIT CODE]: 0

=== ITERATION 9 / 10 ===
Mode:          Sequential.
Total time:              94662483 microseconds
Total iterations:       27
Total starting regions: 74966
Total stored regions:   1
VICTORY
Total time including region generation: 96549760 microseconds
-----
[EXIT CODE]: 0

=== ITERATION 10 / 10 ===
Mode:          Sequential.
Total time:              94259842 microseconds
Total iterations:       27
Total starting regions: 74966
Total stored regions:   1
VICTORY
Total time including region generation: 96152930 microseconds
-----
[EXIT CODE]: 0

