=== ITERATION 1 / 10 ===
Mode:          TBB
Total time:              1.51317e+07 microseconds
Total iterations:       27
Total starting regions: 74966
Total stored regions:   1
VICTORY
Total time including region generation: 1.56775e+07 microseconds
-----
[EXIT CODE]: 0

=== ITERATION 2 / 10 ===
Mode:          TBB
Total time:              1.58753e+07 microseconds
Total iterations:       27
Total starting regions: 74966
Total stored regions:   1
VICTORY
Total time including region generation: 1.64165e+07 microseconds
-----
[EXIT CODE]: 0

=== ITERATION 3 / 10 ===
Mode:          TBB
Total time:              1.58533e+07 microseconds
Total iterations:       27
Total starting regions: 74966
Total stored regions:   1
VICTORY
Total time including region generation: 1.63995e+07 microseconds
-----
[EXIT CODE]: 0

=== ITERATION 4 / 10 ===
Mode:          TBB
Total time:              1.49219e+07 microseconds
Total iterations:       27
Total starting regions: 74966
Total stored regions:   1
VICTORY
Total time including region generation: 1.54732e+07 microseconds
-----
[EXIT CODE]: 0

=== ITERATION 5 / 10 ===
Mode:          TBB
Total time:              1.5866e+07 microseconds
Total iterations:       27
Total starting regions: 74966
Total stored regions:   1
VICTORY
Total time including region generation: 1.64007e+07 microseconds
-----
[EXIT CODE]: 0

=== ITERATION 6 / 10 ===
Mode:          TBB
Total time:              1.65528e+07 microseconds
Total iterations:       27
Total starting regions: 74966
Total stored regions:   1
VICTORY
Total time including region generation: 1.70877e+07 microseconds
-----
[EXIT CODE]: 0

=== ITERATION 7 / 10 ===
Mode:          TBB
Total time:              1.58745e+07 microseconds
Total iterations:       27
Total starting regions: 74966
Total stored regions:   1
VICTORY
Total time including region generation: 1.64529e+07 microseconds
-----
[EXIT CODE]: 0

=== ITERATION 8 / 10 ===
Mode:          TBB
Total time:              1.60862e+07 microseconds
Total iterations:       27
Total starting regions: 74966
Total stored regions:   1
VICTORY
Total time including region generation: 1.66227e+07 microseconds
-----
[EXIT CODE]: 0

=== ITERATION 9 / 10 ===
Mode:          TBB
Total time:              1.50866e+07 microseconds
Total iterations:       27
Total starting regions: 74966
Total stored regions:   1
VICTORY
Total time including region generation: 1.56488e+07 microseconds
-----
[EXIT CODE]: 0

=== ITERATION 10 / 10 ===
Mode:          TBB
Total time:              1.58275e+07 microseconds
Total iterations:       27
Total starting regions: 74966
Total stored regions:   1
VICTORY
Total time including region generation: 1.63732e+07 microseconds
-----
[EXIT CODE]: 0

