=== ITERATION 1 / 10 ===
Mode:          TBB
Total time:              293771 microseconds
Total iterations:       19
Total starting regions: 806
Total stored regions:   1
VICTORY
Total time including region generation: 303210 microseconds
-----
[EXIT CODE]: 0

=== ITERATION 2 / 10 ===
Mode:          TBB
Total time:              304982 microseconds
Total iterations:       19
Total starting regions: 806
Total stored regions:   1
VICTORY
Total time including region generation: 312597 microseconds
-----
[EXIT CODE]: 0

=== ITERATION 3 / 10 ===
Mode:          TBB
Total time:              295431 microseconds
Total iterations:       19
Total starting regions: 806
Total stored regions:   1
VICTORY
Total time including region generation: 303815 microseconds
-----
[EXIT CODE]: 0

=== ITERATION 4 / 10 ===
Mode:          TBB
Total time:              295668 microseconds
Total iterations:       19
Total starting regions: 806
Total stored regions:   1
VICTORY
Total time including region generation: 305231 microseconds
-----
[EXIT CODE]: 0

=== ITERATION 5 / 10 ===
Mode:          TBB
Total time:              304912 microseconds
Total iterations:       19
Total starting regions: 806
Total stored regions:   1
VICTORY
Total time including region generation: 313419 microseconds
-----
[EXIT CODE]: 0

=== ITERATION 6 / 10 ===
Mode:          TBB
Total time:              311034 microseconds
Total iterations:       19
Total starting regions: 806
Total stored regions:   1
VICTORY
Total time including region generation: 318350 microseconds
-----
[EXIT CODE]: 0

=== ITERATION 7 / 10 ===
Mode:          TBB
Total time:              298925 microseconds
Total iterations:       19
Total starting regions: 806
Total stored regions:   1
VICTORY
Total time including region generation: 309373 microseconds
-----
[EXIT CODE]: 0

=== ITERATION 8 / 10 ===
Mode:          TBB
Total time:              303421 microseconds
Total iterations:       19
Total starting regions: 806
Total stored regions:   1
VICTORY
Total time including region generation: 311909 microseconds
-----
[EXIT CODE]: 0

=== ITERATION 9 / 10 ===
Mode:          TBB
Total time:              299374 microseconds
Total iterations:       19
Total starting regions: 806
Total stored regions:   1
VICTORY
Total time including region generation: 307678 microseconds
-----
[EXIT CODE]: 0

=== ITERATION 10 / 10 ===
Mode:          TBB
Total time:              293591 microseconds
Total iterations:       19
Total starting regions: 806
Total stored regions:   1
VICTORY
Total time including region generation: 304095 microseconds
-----
[EXIT CODE]: 0

