=== ITERATION 1 / 10 ===
Mode:          OpenMP
Total time:              507662 microseconds
Total iterations:       19
Total starting regions: 806
Total stored regions:   1
VICTORY
Total time including region generation: 517037 microseconds
-----
[EXIT CODE]: 0

=== ITERATION 2 / 10 ===
Mode:          OpenMP
Total time:              527444 microseconds
Total iterations:       19
Total starting regions: 806
Total stored regions:   1
VICTORY
Total time including region generation: 536151 microseconds
-----
[EXIT CODE]: 0

=== ITERATION 3 / 10 ===
Mode:          OpenMP
Total time:              510566 microseconds
Total iterations:       19
Total starting regions: 806
Total stored regions:   1
VICTORY
Total time including region generation: 519025 microseconds
-----
[EXIT CODE]: 0

=== ITERATION 4 / 10 ===
Mode:          OpenMP
Total time:              509257 microseconds
Total iterations:       19
Total starting regions: 806
Total stored regions:   1
VICTORY
Total time including region generation: 518141 microseconds
-----
[EXIT CODE]: 0

=== ITERATION 5 / 10 ===
Mode:          OpenMP
Total time:              505930 microseconds
Total iterations:       19
Total starting regions: 806
Total stored regions:   1
VICTORY
Total time including region generation: 514383 microseconds
-----
[EXIT CODE]: 0

=== ITERATION 6 / 10 ===
Mode:          OpenMP
Total time:              509225 microseconds
Total iterations:       19
Total starting regions: 806
Total stored regions:   1
VICTORY
Total time including region generation: 518459 microseconds
-----
[EXIT CODE]: 0

=== ITERATION 7 / 10 ===
Mode:          OpenMP
Total time:              519404 microseconds
Total iterations:       19
Total starting regions: 806
Total stored regions:   1
VICTORY
Total time including region generation: 527817 microseconds
-----
[EXIT CODE]: 0

=== ITERATION 8 / 10 ===
Mode:          OpenMP
Total time:              510217 microseconds
Total iterations:       19
Total starting regions: 806
Total stored regions:   1
VICTORY
Total time including region generation: 519383 microseconds
-----
[EXIT CODE]: 0

=== ITERATION 9 / 10 ===
Mode:          OpenMP
Total time:              520276 microseconds
Total iterations:       19
Total starting regions: 806
Total stored regions:   1
VICTORY
Total time including region generation: 528373 microseconds
-----
[EXIT CODE]: 0

=== ITERATION 10 / 10 ===
Mode:          OpenMP
Total time:              516991 microseconds
Total iterations:       19
Total starting regions: 806
Total stored regions:   1
VICTORY
Total time including region generation: 527089 microseconds
-----
[EXIT CODE]: 0

