=== ITERATION 1 / 10 ===
Mode:          Sequential.
Total time:              619062 microseconds
Total iterations:       19
Total starting regions: 806
Total stored regions:   1
VICTORY
Total time including region generation: 624101 microseconds
-----
[EXIT CODE]: 0

=== ITERATION 2 / 10 ===
Mode:          Sequential.
Total time:              610287 microseconds
Total iterations:       19
Total starting regions: 806
Total stored regions:   1
VICTORY
Total time including region generation: 613654 microseconds
-----
[EXIT CODE]: 0

=== ITERATION 3 / 10 ===
Mode:          Sequential.
Total time:              612068 microseconds
Total iterations:       19
Total starting regions: 806
Total stored regions:   1
VICTORY
Total time including region generation: 615173 microseconds
-----
[EXIT CODE]: 0

=== ITERATION 4 / 10 ===
Mode:          Sequential.
Total time:              610159 microseconds
Total iterations:       19
Total starting regions: 806
Total stored regions:   1
VICTORY
Total time including region generation: 614845 microseconds
-----
[EXIT CODE]: 0

=== ITERATION 5 / 10 ===
Mode:          Sequential.
Total time:              628734 microseconds
Total iterations:       19
Total starting regions: 806
Total stored regions:   1
VICTORY
Total time including region generation: 631852 microseconds
-----
[EXIT CODE]: 0

=== ITERATION 6 / 10 ===
Mode:          Sequential.
Total time:              627924 microseconds
Total iterations:       19
Total starting regions: 806
Total stored regions:   1
VICTORY
Total time including region generation: 631016 microseconds
-----
[EXIT CODE]: 0

=== ITERATION 7 / 10 ===
Mode:          Sequential.
Total time:              609433 microseconds
Total iterations:       19
Total starting regions: 806
Total stored regions:   1
VICTORY
Total time including region generation: 613021 microseconds
-----
[EXIT CODE]: 0

=== ITERATION 8 / 10 ===
Mode:          Sequential.
Total time:              613397 microseconds
Total iterations:       19
Total starting regions: 806
Total stored regions:   1
VICTORY
Total time including region generation: 617222 microseconds
-----
[EXIT CODE]: 0

=== ITERATION 9 / 10 ===
Mode:          Sequential.
Total time:              624915 microseconds
Total iterations:       19
Total starting regions: 806
Total stored regions:   1
VICTORY
Total time including region generation: 628088 microseconds
-----
[EXIT CODE]: 0

=== ITERATION 10 / 10 ===
Mode:          Sequential.
Total time:              608210 microseconds
Total iterations:       19
Total starting regions: 806
Total stored regions:   1
VICTORY
Total time including region generation: 611398 microseconds
-----
[EXIT CODE]: 0

