=== ITERATION 1 / 10 ===
Mode:          OpenMP
Total time:              5975.96 microseconds
Total iterations:        1
Total starting regions:  806
Total regions in setPhi: 0
Total stored regions:    806
LOSE
Total time including region generation: 7884.98 microseconds
terminate called after throwing an instance of 'std::runtime_error'
  what():  No winning controller strategy exists, hence the strategy graph cannot be computed!
./entrypoint.sh: line 130: 49758 Aborted                    (core dumped) "./$exec_name" "$@"
[EXIT CODE]: 134

=== ITERATION 2 / 10 ===
Mode:          OpenMP
Total time:              6183.15 microseconds
Total iterations:        1
Total starting regions:  806
Total regions in setPhi: 0
Total stored regions:    806
LOSE
Total time including region generation: 7889.99 microseconds
terminate called after throwing an instance of 'std::runtime_error'
  what():  No winning controller strategy exists, hence the strategy graph cannot be computed!
./entrypoint.sh: line 130: 49803 Aborted                    (core dumped) "./$exec_name" "$@"
[EXIT CODE]: 134

=== ITERATION 3 / 10 ===
Mode:          OpenMP
Total time:              5757.09 microseconds
Total iterations:        1
Total starting regions:  806
Total regions in setPhi: 0
Total stored regions:    806
LOSE
Total time including region generation: 7270.81 microseconds
terminate called after throwing an instance of 'std::runtime_error'
  what():  No winning controller strategy exists, hence the strategy graph cannot be computed!
./entrypoint.sh: line 130: 49849 Aborted                    (core dumped) "./$exec_name" "$@"
[EXIT CODE]: 134

=== ITERATION 4 / 10 ===
Mode:          OpenMP
Total time:              5425.93 microseconds
Total iterations:        1
Total starting regions:  806
Total regions in setPhi: 0
Total stored regions:    806
LOSE
Total time including region generation: 6973.03 microseconds
terminate called after throwing an instance of 'std::runtime_error'
  what():  No winning controller strategy exists, hence the strategy graph cannot be computed!
./entrypoint.sh: line 130: 49894 Aborted                    (core dumped) "./$exec_name" "$@"
[EXIT CODE]: 134

=== ITERATION 5 / 10 ===
Mode:          OpenMP
Total time:              6120.92 microseconds
Total iterations:        1
Total starting regions:  806
Total regions in setPhi: 0
Total stored regions:    806
LOSE
Total time including region generation: 7671.12 microseconds
terminate called after throwing an instance of 'std::runtime_error'
  what():  No winning controller strategy exists, hence the strategy graph cannot be computed!
./entrypoint.sh: line 130: 49939 Aborted                    (core dumped) "./$exec_name" "$@"
[EXIT CODE]: 134

=== ITERATION 6 / 10 ===
Mode:          OpenMP
Total time:              6223.92 microseconds
Total iterations:        1
Total starting regions:  806
Total regions in setPhi: 0
Total stored regions:    806
LOSE
Total time including region generation: 7699.97 microseconds
terminate called after throwing an instance of 'std::runtime_error'
  what():  No winning controller strategy exists, hence the strategy graph cannot be computed!
./entrypoint.sh: line 130: 49984 Aborted                    (core dumped) "./$exec_name" "$@"
[EXIT CODE]: 134

=== ITERATION 7 / 10 ===
Mode:          OpenMP
Total time:              6718.16 microseconds
Total iterations:        1
Total starting regions:  806
Total regions in setPhi: 0
Total stored regions:    806
LOSE
Total time including region generation: 8286 microseconds
terminate called after throwing an instance of 'std::runtime_error'
  what():  No winning controller strategy exists, hence the strategy graph cannot be computed!
./entrypoint.sh: line 130: 50029 Aborted                    (core dumped) "./$exec_name" "$@"
[EXIT CODE]: 134

=== ITERATION 8 / 10 ===
Mode:          OpenMP
Total time:              5731.11 microseconds
Total iterations:        1
Total starting regions:  806
Total regions in setPhi: 0
Total stored regions:    806
LOSE
Total time including region generation: 7339 microseconds
terminate called after throwing an instance of 'std::runtime_error'
  what():  No winning controller strategy exists, hence the strategy graph cannot be computed!
./entrypoint.sh: line 130: 50075 Aborted                    (core dumped) "./$exec_name" "$@"
[EXIT CODE]: 134

=== ITERATION 9 / 10 ===
Mode:          OpenMP
Total time:              5914.93 microseconds
Total iterations:        1
Total starting regions:  806
Total regions in setPhi: 0
Total stored regions:    806
LOSE
Total time including region generation: 7498.98 microseconds
terminate called after throwing an instance of 'std::runtime_error'
  what():  No winning controller strategy exists, hence the strategy graph cannot be computed!
./entrypoint.sh: line 130: 50124 Aborted                    (core dumped) "./$exec_name" "$@"
[EXIT CODE]: 134

=== ITERATION 10 / 10 ===
Mode:          OpenMP
Total time:              6398.92 microseconds
Total iterations:        1
Total starting regions:  806
Total regions in setPhi: 0
Total stored regions:    806
LOSE
Total time including region generation: 8133.89 microseconds
terminate called after throwing an instance of 'std::runtime_error'
  what():  No winning controller strategy exists, hence the strategy graph cannot be computed!
./entrypoint.sh: line 130: 50171 Aborted                    (core dumped) "./$exec_name" "$@"
[EXIT CODE]: 134

