=== ITERATION 1 / 10 ===
Mode:          OpenMP
Total time:             205253 microseconds
Total iterations:       7
Total starting regions: 4472
Total stored regions:   0
LOSE
Total time including region generation: 216436 microseconds
----- 
[EXIT CODE]: 0

=== ITERATION 2 / 10 ===
Mode:          OpenMP
Total time:             191412 microseconds
Total iterations:       7
Total starting regions: 4472
Total stored regions:   0
LOSE
Total time including region generation: 198690 microseconds
----- 
[EXIT CODE]: 0

=== ITERATION 3 / 10 ===
Mode:          OpenMP
Total time:             193983 microseconds
Total iterations:       7
Total starting regions: 4472
Total stored regions:   0
LOSE
Total time including region generation: 201492 microseconds
----- 
[EXIT CODE]: 0

=== ITERATION 4 / 10 ===
Mode:          OpenMP
Total time:             185419 microseconds
Total iterations:       7
Total starting regions: 4472
Total stored regions:   0
LOSE
Total time including region generation: 192897 microseconds
----- 
[EXIT CODE]: 0

=== ITERATION 5 / 10 ===
Mode:          OpenMP
Total time:             196754 microseconds
Total iterations:       7
Total starting regions: 4472
Total stored regions:   0
LOSE
Total time including region generation: 204343 microseconds
----- 
[EXIT CODE]: 0

=== ITERATION 6 / 10 ===
Mode:          OpenMP
Total time:             193268 microseconds
Total iterations:       7
Total starting regions: 4472
Total stored regions:   0
LOSE
Total time including region generation: 200796 microseconds
----- 
[EXIT CODE]: 0

=== ITERATION 7 / 10 ===
Mode:          OpenMP
Total time:             188013 microseconds
Total iterations:       7
Total starting regions: 4472
Total stored regions:   0
LOSE
Total time including region generation: 195353 microseconds
----- 
[EXIT CODE]: 0

=== ITERATION 8 / 10 ===
Mode:          OpenMP
Total time:             186259 microseconds
Total iterations:       7
Total starting regions: 4472
Total stored regions:   0
LOSE
Total time including region generation: 193732 microseconds
----- 
[EXIT CODE]: 0

=== ITERATION 9 / 10 ===
Mode:          OpenMP
Total time:             191891 microseconds
Total iterations:       7
Total starting regions: 4472
Total stored regions:   0
LOSE
Total time including region generation: 201648 microseconds
----- 
[EXIT CODE]: 0

=== ITERATION 10 / 10 ===
Mode:          OpenMP
Total time:             193097 microseconds
Total iterations:       7
Total starting regions: 4472
Total stored regions:   0
LOSE
Total time including region generation: 201829 microseconds
----- 
[EXIT CODE]: 0

