=== ITERATION 1 / 10 ===
Mode:          OpenMP
Total time:             205215 microseconds
Total iterations:       7
Total starting regions: 4472
Total stored regions:   0
LOSE
Total time including region generation: 215223 microseconds
----- 
[EXIT CODE]: 0

=== ITERATION 2 / 10 ===
Mode:          OpenMP
Total time:             196590 microseconds
Total iterations:       7
Total starting regions: 4472
Total stored regions:   0
LOSE
Total time including region generation: 207384 microseconds
----- 
[EXIT CODE]: 0

=== ITERATION 3 / 10 ===
Mode:          OpenMP
Total time:             190151 microseconds
Total iterations:       7
Total starting regions: 4472
Total stored regions:   0
LOSE
Total time including region generation: 198174 microseconds
----- 
[EXIT CODE]: 0

=== ITERATION 4 / 10 ===
Mode:          OpenMP
Total time:             189312 microseconds
Total iterations:       7
Total starting regions: 4472
Total stored regions:   0
LOSE
Total time including region generation: 196852 microseconds
----- 
[EXIT CODE]: 0

=== ITERATION 5 / 10 ===
Mode:          OpenMP
Total time:             186838 microseconds
Total iterations:       7
Total starting regions: 4472
Total stored regions:   0
LOSE
Total time including region generation: 194678 microseconds
----- 
[EXIT CODE]: 0

=== ITERATION 6 / 10 ===
Mode:          OpenMP
Total time:             183479 microseconds
Total iterations:       7
Total starting regions: 4472
Total stored regions:   0
LOSE
Total time including region generation: 191295 microseconds
----- 
[EXIT CODE]: 0

=== ITERATION 7 / 10 ===
Mode:          OpenMP
Total time:             188493 microseconds
Total iterations:       7
Total starting regions: 4472
Total stored regions:   0
LOSE
Total time including region generation: 196063 microseconds
----- 
[EXIT CODE]: 0

=== ITERATION 8 / 10 ===
Mode:          OpenMP
Total time:             195357 microseconds
Total iterations:       7
Total starting regions: 4472
Total stored regions:   0
LOSE
Total time including region generation: 203047 microseconds
----- 
[EXIT CODE]: 0

=== ITERATION 9 / 10 ===
Mode:          OpenMP
Total time:             183435 microseconds
Total iterations:       7
Total starting regions: 4472
Total stored regions:   0
LOSE
Total time including region generation: 190651 microseconds
----- 
[EXIT CODE]: 0

=== ITERATION 10 / 10 ===
Mode:          OpenMP
Total time:             178140 microseconds
Total iterations:       7
Total starting regions: 4472
Total stored regions:   0
LOSE
Total time including region generation: 185063 microseconds
----- 
[EXIT CODE]: 0

