=== ITERATION 1 / 10 ===
Mode:          TBB
Total time:             188684 microseconds
Total iterations:       7
Total starting regions: 4472
Total stored regions:   0
LOSE
Total time including region generation: 199946 microseconds
----- 
[EXIT CODE]: 0

=== ITERATION 2 / 10 ===
Mode:          TBB
Total time:             174466 microseconds
Total iterations:       7
Total starting regions: 4472
Total stored regions:   0
LOSE
Total time including region generation: 184381 microseconds
----- 
[EXIT CODE]: 0

=== ITERATION 3 / 10 ===
Mode:          TBB
Total time:             179382 microseconds
Total iterations:       7
Total starting regions: 4472
Total stored regions:   0
LOSE
Total time including region generation: 187093 microseconds
----- 
[EXIT CODE]: 0

=== ITERATION 4 / 10 ===
Mode:          TBB
Total time:             169989 microseconds
Total iterations:       7
Total starting regions: 4472
Total stored regions:   0
LOSE
Total time including region generation: 179836 microseconds
----- 
[EXIT CODE]: 0

=== ITERATION 5 / 10 ===
Mode:          TBB
Total time:             179446 microseconds
Total iterations:       7
Total starting regions: 4472
Total stored regions:   0
LOSE
Total time including region generation: 189382 microseconds
----- 
[EXIT CODE]: 0

=== ITERATION 6 / 10 ===
Mode:          TBB
Total time:             171343 microseconds
Total iterations:       7
Total starting regions: 4472
Total stored regions:   0
LOSE
Total time including region generation: 179446 microseconds
----- 
[EXIT CODE]: 0

=== ITERATION 7 / 10 ===
Mode:          TBB
Total time:             174621 microseconds
Total iterations:       7
Total starting regions: 4472
Total stored regions:   0
LOSE
Total time including region generation: 181466 microseconds
----- 
[EXIT CODE]: 0

=== ITERATION 8 / 10 ===
Mode:          TBB
Total time:             175080 microseconds
Total iterations:       7
Total starting regions: 4472
Total stored regions:   0
LOSE
Total time including region generation: 182398 microseconds
----- 
[EXIT CODE]: 0

=== ITERATION 9 / 10 ===
Mode:          TBB
Total time:             176693 microseconds
Total iterations:       7
Total starting regions: 4472
Total stored regions:   0
LOSE
Total time including region generation: 186680 microseconds
----- 
[EXIT CODE]: 0

=== ITERATION 10 / 10 ===
Mode:          TBB
Total time:             174387 microseconds
Total iterations:       7
Total starting regions: 4472
Total stored regions:   0
LOSE
Total time including region generation: 182147 microseconds
----- 
[EXIT CODE]: 0

