=== ITERATION 1 / 10 ===
Mode:          TBB
Total time:             128170 microseconds
Total iterations:       2
Total starting regions: 12294
Total stored regions:   858
VICTORY
Total time including region generation: 149613 microseconds
-----
[EXIT CODE]: 0

=== ITERATION 2 / 10 ===
Mode:          TBB
Total time:             136754 microseconds
Total iterations:       2
Total starting regions: 12294
Total stored regions:   858
VICTORY
Total time including region generation: 162012 microseconds
-----
[EXIT CODE]: 0

=== ITERATION 3 / 10 ===
Mode:          TBB
Total time:             125238 microseconds
Total iterations:       2
Total starting regions: 12294
Total stored regions:   858
VICTORY
Total time including region generation: 150424 microseconds
-----
[EXIT CODE]: 0

=== ITERATION 4 / 10 ===
Mode:          TBB
Total time:             132909 microseconds
Total iterations:       2
Total starting regions: 12294
Total stored regions:   858
VICTORY
Total time including region generation: 158504 microseconds
-----
[EXIT CODE]: 0

=== ITERATION 5 / 10 ===
Mode:          TBB
Total time:             134432 microseconds
Total iterations:       2
Total starting regions: 12294
Total stored regions:   858
VICTORY
Total time including region generation: 159855 microseconds
-----
[EXIT CODE]: 0

=== ITERATION 6 / 10 ===
Mode:          TBB
Total time:             128503 microseconds
Total iterations:       2
Total starting regions: 12294
Total stored regions:   858
VICTORY
Total time including region generation: 151390 microseconds
-----
[EXIT CODE]: 0

=== ITERATION 7 / 10 ===
Mode:          TBB
Total time:             130009 microseconds
Total iterations:       2
Total starting regions: 12294
Total stored regions:   858
VICTORY
Total time including region generation: 155446 microseconds
-----
[EXIT CODE]: 0

=== ITERATION 8 / 10 ===
Mode:          TBB
Total time:             121959 microseconds
Total iterations:       2
Total starting regions: 12294
Total stored regions:   858
VICTORY
Total time including region generation: 143401 microseconds
-----
[EXIT CODE]: 0

=== ITERATION 9 / 10 ===
Mode:          TBB
Total time:             125416 microseconds
Total iterations:       2
Total starting regions: 12294
Total stored regions:   858
VICTORY
Total time including region generation: 147097 microseconds
-----
[EXIT CODE]: 0

=== ITERATION 10 / 10 ===
Mode:          TBB
Total time:             126529 microseconds
Total iterations:       2
Total starting regions: 12294
Total stored regions:   858
VICTORY
Total time including region generation: 149174 microseconds
-----
[EXIT CODE]: 0

