=== ITERATION 1 / 10 ===
Mode:          OpenMP
Total time:             142892 microseconds
Total iterations:       2
Total starting regions: 12294
Total stored regions:   858
VICTORY
Total time including region generation: 166127 microseconds
-----
[EXIT CODE]: 0

=== ITERATION 2 / 10 ===
Mode:          OpenMP
Total time:             141921 microseconds
Total iterations:       2
Total starting regions: 12294
Total stored regions:   858
VICTORY
Total time including region generation: 164494 microseconds
-----
[EXIT CODE]: 0

=== ITERATION 3 / 10 ===
Mode:          OpenMP
Total time:             136239 microseconds
Total iterations:       2
Total starting regions: 12294
Total stored regions:   858
VICTORY
Total time including region generation: 157933 microseconds
-----
[EXIT CODE]: 0

=== ITERATION 4 / 10 ===
Mode:          OpenMP
Total time:             135974 microseconds
Total iterations:       2
Total starting regions: 12294
Total stored regions:   858
VICTORY
Total time including region generation: 157429 microseconds
-----
[EXIT CODE]: 0

=== ITERATION 5 / 10 ===
Mode:          OpenMP
Total time:             133222 microseconds
Total iterations:       2
Total starting regions: 12294
Total stored regions:   858
VICTORY
Total time including region generation: 154700 microseconds
-----
[EXIT CODE]: 0

=== ITERATION 6 / 10 ===
Mode:          OpenMP
Total time:             139910 microseconds
Total iterations:       2
Total starting regions: 12294
Total stored regions:   858
VICTORY
Total time including region generation: 161223 microseconds
-----
[EXIT CODE]: 0

=== ITERATION 7 / 10 ===
Mode:          OpenMP
Total time:             131835 microseconds
Total iterations:       2
Total starting regions: 12294
Total stored regions:   858
VICTORY
Total time including region generation: 153347 microseconds
-----
[EXIT CODE]: 0

=== ITERATION 8 / 10 ===
Mode:          OpenMP
Total time:             136879 microseconds
Total iterations:       2
Total starting regions: 12294
Total stored regions:   858
VICTORY
Total time including region generation: 157770 microseconds
-----
[EXIT CODE]: 0

=== ITERATION 9 / 10 ===
Mode:          OpenMP
Total time:             139662 microseconds
Total iterations:       2
Total starting regions: 12294
Total stored regions:   858
VICTORY
Total time including region generation: 161247 microseconds
-----
[EXIT CODE]: 0

=== ITERATION 10 / 10 ===
Mode:          OpenMP
Total time:             129976 microseconds
Total iterations:       2
Total starting regions: 12294
Total stored regions:   858
VICTORY
Total time including region generation: 151258 microseconds
-----
[EXIT CODE]: 0

