=== ITERATION 1 / 10 ===
Mode:          Sequential.
Total time:             526737 microseconds
Total iterations:       2
Total starting regions: 12294
Total stored regions:   858
VICTORY
Total time including region generation: 551975 microseconds
-----
[EXIT CODE]: 0

=== ITERATION 2 / 10 ===
Mode:          Sequential.
Total time:             522494 microseconds
Total iterations:       2
Total starting regions: 12294
Total stored regions:   858
VICTORY
Total time including region generation: 549167 microseconds
-----
[EXIT CODE]: 0

=== ITERATION 3 / 10 ===
Mode:          Sequential.
Total time:             534429 microseconds
Total iterations:       2
Total starting regions: 12294
Total stored regions:   858
VICTORY
Total time including region generation: 562023 microseconds
-----
[EXIT CODE]: 0

=== ITERATION 4 / 10 ===
Mode:          Sequential.
Total time:             518001 microseconds
Total iterations:       2
Total starting regions: 12294
Total stored regions:   858
VICTORY
Total time including region generation: 544714 microseconds
-----
[EXIT CODE]: 0

=== ITERATION 5 / 10 ===
Mode:          Sequential.
Total time:             524366 microseconds
Total iterations:       2
Total starting regions: 12294
Total stored regions:   858
VICTORY
Total time including region generation: 550962 microseconds
-----
[EXIT CODE]: 0

=== ITERATION 6 / 10 ===
Mode:          Sequential.
Total time:             522142 microseconds
Total iterations:       2
Total starting regions: 12294
Total stored regions:   858
VICTORY
Total time including region generation: 547103 microseconds
-----
[EXIT CODE]: 0

=== ITERATION 7 / 10 ===
Mode:          Sequential.
Total time:             515541 microseconds
Total iterations:       2
Total starting regions: 12294
Total stored regions:   858
VICTORY
Total time including region generation: 540579 microseconds
-----
[EXIT CODE]: 0

=== ITERATION 8 / 10 ===
Mode:          Sequential.
Total time:             542224 microseconds
Total iterations:       2
Total starting regions: 12294
Total stored regions:   858
VICTORY
Total time including region generation: 570695 microseconds
-----
[EXIT CODE]: 0

=== ITERATION 9 / 10 ===
Mode:          Sequential.
Total time:             537769 microseconds
Total iterations:       2
Total starting regions: 12294
Total stored regions:   858
VICTORY
Total time including region generation: 565380 microseconds
-----
[EXIT CODE]: 0

=== ITERATION 10 / 10 ===
Mode:          Sequential.
Total time:             531410 microseconds
Total iterations:       2
Total starting regions: 12294
Total stored regions:   858
VICTORY
Total time including region generation: 556536 microseconds
-----
[EXIT CODE]: 0

