=== ITERATION 1 / 10 ===
Mode:          OpenMP
Total time:              6.68007e+07 microseconds
Total iterations:       27
Total starting regions: 74966
Total stored regions:   1
VICTORY
Total time including region generation: 6.73368e+07 microseconds
[EXIT CODE]: 0

=== ITERATION 2 / 10 ===
Mode:          OpenMP
Total time:              6.6359e+07 microseconds
Total iterations:       27
Total starting regions: 74966
Total stored regions:   1
VICTORY
Total time including region generation: 6.69001e+07 microseconds
[EXIT CODE]: 0

=== ITERATION 3 / 10 ===
Mode:          OpenMP
Total time:              6.72436e+07 microseconds
Total iterations:       27
Total starting regions: 74966
Total stored regions:   1
VICTORY
Total time including region generation: 6.77855e+07 microseconds
[EXIT CODE]: 0

=== ITERATION 4 / 10 ===
Mode:          OpenMP
Total time:              6.73745e+07 microseconds
Total iterations:       27
Total starting regions: 74966
Total stored regions:   1
VICTORY
Total time including region generation: 6.79015e+07 microseconds
[EXIT CODE]: 0

=== ITERATION 5 / 10 ===
Mode:          OpenMP
Total time:              6.57516e+07 microseconds
Total iterations:       27
Total starting regions: 74966
Total stored regions:   1
VICTORY
Total time including region generation: 6.62759e+07 microseconds
[EXIT CODE]: 0

=== ITERATION 6 / 10 ===
Mode:          OpenMP
Total time:              6.69065e+07 microseconds
Total iterations:       27
Total starting regions: 74966
Total stored regions:   1
VICTORY
Total time including region generation: 6.74411e+07 microseconds
[EXIT CODE]: 0

=== ITERATION 7 / 10 ===
Mode:          OpenMP
Total time:              6.68069e+07 microseconds
Total iterations:       27
Total starting regions: 74966
Total stored regions:   1
VICTORY
Total time including region generation: 6.73611e+07 microseconds
[EXIT CODE]: 0

=== ITERATION 8 / 10 ===
Mode:          OpenMP
Total time:              6.65889e+07 microseconds
Total iterations:       27
Total starting regions: 74966
Total stored regions:   1
VICTORY
Total time including region generation: 6.71288e+07 microseconds
[EXIT CODE]: 0

=== ITERATION 9 / 10 ===
Mode:          OpenMP
Total time:              6.75579e+07 microseconds
Total iterations:       27
Total starting regions: 74966
Total stored regions:   1
VICTORY
Total time including region generation: 6.80944e+07 microseconds
[EXIT CODE]: 0

=== ITERATION 10 / 10 ===
Mode:          OpenMP
Total time:              6.58419e+07 microseconds
Total iterations:       27
Total starting regions: 74966
Total stored regions:   1
VICTORY
Total time including region generation: 6.63837e+07 microseconds
[EXIT CODE]: 0

