=== ITERATION 1 / 10 ===
Mode:          Sequential.
Total time:              171811482 microseconds
Total iterations:       27
Total starting regions: 74966
Total stored regions:   1
VICTORY
Total time including region generation: 173691675 microseconds
[EXIT CODE]: 0

=== ITERATION 2 / 10 ===
Mode:          Sequential.
Total time:              171418047 microseconds
Total iterations:       27
Total starting regions: 74966
Total stored regions:   1
VICTORY
Total time including region generation: 173307986 microseconds
[EXIT CODE]: 0

=== ITERATION 3 / 10 ===
Mode:          Sequential.
Total time:              171901651 microseconds
Total iterations:       27
Total starting regions: 74966
Total stored regions:   1
VICTORY
Total time including region generation: 173795889 microseconds
[EXIT CODE]: 0

=== ITERATION 4 / 10 ===
Mode:          Sequential.
Total time:              171512213 microseconds
Total iterations:       27
Total starting regions: 74966
Total stored regions:   1
VICTORY
Total time including region generation: 173383653 microseconds
[EXIT CODE]: 0

=== ITERATION 5 / 10 ===
Mode:          Sequential.
Total time:              172491032 microseconds
Total iterations:       27
Total starting regions: 74966
Total stored regions:   1
VICTORY
Total time including region generation: 174389042 microseconds
[EXIT CODE]: 0

=== ITERATION 6 / 10 ===
Mode:          Sequential.
Total time:              172814637 microseconds
Total iterations:       27
Total starting regions: 74966
Total stored regions:   1
VICTORY
Total time including region generation: 174684875 microseconds
[EXIT CODE]: 0

=== ITERATION 7 / 10 ===
Mode:          Sequential.
Total time:              172705572 microseconds
Total iterations:       27
Total starting regions: 74966
Total stored regions:   1
VICTORY
Total time including region generation: 174600565 microseconds
[EXIT CODE]: 0

=== ITERATION 8 / 10 ===
Mode:          Sequential.
Total time:              171520915 microseconds
Total iterations:       27
Total starting regions: 74966
Total stored regions:   1
VICTORY
Total time including region generation: 173404199 microseconds
[EXIT CODE]: 0

=== ITERATION 9 / 10 ===
Mode:          Sequential.
Total time:              171186477 microseconds
Total iterations:       27
Total starting regions: 74966
Total stored regions:   1
VICTORY
Total time including region generation: 173090393 microseconds
[EXIT CODE]: 0

=== ITERATION 10 / 10 ===
Mode:          Sequential.
Total time:              171330985 microseconds
Total iterations:       27
Total starting regions: 74966
Total stored regions:   1
VICTORY
Total time including region generation: 173218929 microseconds
[EXIT CODE]: 0

