=== ITERATION 1 / 10 ===
Mode:          OpenMP
Total time:              6.69204e+07 microseconds
Total iterations:       27
Total starting regions: 74966
Total stored regions:   1
VICTORY
Total time including region generation: 6.74386e+07 microseconds
[EXIT CODE]: 0

=== ITERATION 2 / 10 ===
Mode:          OpenMP
Total time:              6.63083e+07 microseconds
Total iterations:       27
Total starting regions: 74966
Total stored regions:   1
VICTORY
Total time including region generation: 6.68414e+07 microseconds
[EXIT CODE]: 0

=== ITERATION 3 / 10 ===
Mode:          OpenMP
Total time:              6.6172e+07 microseconds
Total iterations:       27
Total starting regions: 74966
Total stored regions:   1
VICTORY
Total time including region generation: 6.66972e+07 microseconds
[EXIT CODE]: 0

=== ITERATION 4 / 10 ===
Mode:          OpenMP
Total time:              6.56595e+07 microseconds
Total iterations:       27
Total starting regions: 74966
Total stored regions:   1
VICTORY
Total time including region generation: 6.61949e+07 microseconds
[EXIT CODE]: 0

=== ITERATION 5 / 10 ===
Mode:          OpenMP
Total time:              6.67955e+07 microseconds
Total iterations:       27
Total starting regions: 74966
Total stored regions:   1
VICTORY
Total time including region generation: 6.73205e+07 microseconds
[EXIT CODE]: 0

=== ITERATION 6 / 10 ===
Mode:          OpenMP
Total time:              6.80598e+07 microseconds
Total iterations:       27
Total starting regions: 74966
Total stored regions:   1
VICTORY
Total time including region generation: 6.86248e+07 microseconds
[EXIT CODE]: 0

=== ITERATION 7 / 10 ===
Mode:          OpenMP
Total time:              6.69843e+07 microseconds
Total iterations:       27
Total starting regions: 74966
Total stored regions:   1
VICTORY
Total time including region generation: 6.75094e+07 microseconds
[EXIT CODE]: 0

=== ITERATION 8 / 10 ===
Mode:          OpenMP
Total time:              6.76153e+07 microseconds
Total iterations:       27
Total starting regions: 74966
Total stored regions:   1
VICTORY
Total time including region generation: 6.8146e+07 microseconds
[EXIT CODE]: 0

=== ITERATION 9 / 10 ===
Mode:          OpenMP
Total time:              6.72568e+07 microseconds
Total iterations:       27
Total starting regions: 74966
Total stored regions:   1
VICTORY
Total time including region generation: 6.77913e+07 microseconds
[EXIT CODE]: 0

=== ITERATION 10 / 10 ===
Mode:          OpenMP
Total time:              6.62751e+07 microseconds
Total iterations:       27
Total starting regions: 74966
Total stored regions:   1
VICTORY
Total time including region generation: 6.68068e+07 microseconds
[EXIT CODE]: 0

