=== ITERATION 1 / 10 ===
Mode:          TBB
Total time:              364913 microseconds
Total iterations:        17
Total starting regions:  780
Total regions in setPhi: 11800
Total stored regions:    2197
VICTORY
Total time including region generation: 394448 microseconds
-----
[EXIT CODE]: 0

=== ITERATION 2 / 10 ===
Mode:          TBB
Total time:              367170 microseconds
Total iterations:        17
Total starting regions:  780
Total regions in setPhi: 11800
Total stored regions:    2197
VICTORY
Total time including region generation: 395031 microseconds
-----
[EXIT CODE]: 0

=== ITERATION 3 / 10 ===
Mode:          TBB
Total time:              367078 microseconds
Total iterations:        17
Total starting regions:  780
Total regions in setPhi: 11800
Total stored regions:    2197
VICTORY
Total time including region generation: 398708 microseconds
-----
[EXIT CODE]: 0

=== ITERATION 4 / 10 ===
Mode:          TBB
Total time:              361917 microseconds
Total iterations:        17
Total starting regions:  780
Total regions in setPhi: 11800
Total stored regions:    2197
VICTORY
Total time including region generation: 391898 microseconds
-----
[EXIT CODE]: 0

=== ITERATION 5 / 10 ===
Mode:          TBB
Total time:              365337 microseconds
Total iterations:        17
Total starting regions:  780
Total regions in setPhi: 11800
Total stored regions:    2197
VICTORY
Total time including region generation: 392509 microseconds
-----
[EXIT CODE]: 0

=== ITERATION 6 / 10 ===
Mode:          TBB
Total time:              357363 microseconds
Total iterations:        17
Total starting regions:  780
Total regions in setPhi: 11800
Total stored regions:    2197
VICTORY
Total time including region generation: 386729 microseconds
-----
[EXIT CODE]: 0

=== ITERATION 7 / 10 ===
Mode:          TBB
Total time:              356387 microseconds
Total iterations:        17
Total starting regions:  780
Total regions in setPhi: 11800
Total stored regions:    2197
VICTORY
Total time including region generation: 386710 microseconds
-----
[EXIT CODE]: 0

=== ITERATION 8 / 10 ===
Mode:          TBB
Total time:              354154 microseconds
Total iterations:        17
Total starting regions:  780
Total regions in setPhi: 11800
Total stored regions:    2197
VICTORY
Total time including region generation: 392677 microseconds
-----
[EXIT CODE]: 0

=== ITERATION 9 / 10 ===
Mode:          TBB
Total time:              360628 microseconds
Total iterations:        17
Total starting regions:  780
Total regions in setPhi: 11800
Total stored regions:    2197
VICTORY
Total time including region generation: 392515 microseconds
-----
[EXIT CODE]: 0

=== ITERATION 10 / 10 ===
Mode:          TBB
Total time:              359080 microseconds
Total iterations:        17
Total starting regions:  780
Total regions in setPhi: 11800
Total stored regions:    2197
VICTORY
Total time including region generation: 391866 microseconds
-----
[EXIT CODE]: 0

