=== ITERATION 1 / 10 ===
Mode:          Sequential.
Total time:              1536271 microseconds
Total iterations:        17
Total starting regions:  780
Total regions in setPhi: 11800
Total stored regions:    2197
VICTORY
Total time including region generation: 1571193 microseconds
-----
[EXIT CODE]: 0

=== ITERATION 2 / 10 ===
Mode:          Sequential.
Total time:              1509489 microseconds
Total iterations:        17
Total starting regions:  780
Total regions in setPhi: 11800
Total stored regions:    2197
VICTORY
Total time including region generation: 1546321 microseconds
-----
[EXIT CODE]: 0

=== ITERATION 3 / 10 ===
Mode:          Sequential.
Total time:              1533267 microseconds
Total iterations:        17
Total starting regions:  780
Total regions in setPhi: 11800
Total stored regions:    2197
VICTORY
Total time including region generation: 1566537 microseconds
-----
[EXIT CODE]: 0

=== ITERATION 4 / 10 ===
Mode:          Sequential.
Total time:              1497415 microseconds
Total iterations:        17
Total starting regions:  780
Total regions in setPhi: 11800
Total stored regions:    2197
VICTORY
Total time including region generation: 1534734 microseconds
-----
[EXIT CODE]: 0

=== ITERATION 5 / 10 ===
Mode:          Sequential.
Total time:              1490344 microseconds
Total iterations:        17
Total starting regions:  780
Total regions in setPhi: 11800
Total stored regions:    2197
VICTORY
Total time including region generation: 1524495 microseconds
-----
[EXIT CODE]: 0

=== ITERATION 6 / 10 ===
Mode:          Sequential.
Total time:              1527366 microseconds
Total iterations:        17
Total starting regions:  780
Total regions in setPhi: 11800
Total stored regions:    2197
VICTORY
Total time including region generation: 1559180 microseconds
-----
[EXIT CODE]: 0

=== ITERATION 7 / 10 ===
Mode:          Sequential.
Total time:              1542586 microseconds
Total iterations:        17
Total starting regions:  780
Total regions in setPhi: 11800
Total stored regions:    2197
VICTORY
Total time including region generation: 1579489 microseconds
-----
[EXIT CODE]: 0

=== ITERATION 8 / 10 ===
Mode:          Sequential.
Total time:              1544599 microseconds
Total iterations:        17
Total starting regions:  780
Total regions in setPhi: 11800
Total stored regions:    2197
VICTORY
Total time including region generation: 1582546 microseconds
-----
[EXIT CODE]: 0

=== ITERATION 9 / 10 ===
Mode:          Sequential.
Total time:              1496572 microseconds
Total iterations:        17
Total starting regions:  780
Total regions in setPhi: 11800
Total stored regions:    2197
VICTORY
Total time including region generation: 1531198 microseconds
-----
[EXIT CODE]: 0

=== ITERATION 10 / 10 ===
Mode:          Sequential.
Total time:              1505212 microseconds
Total iterations:        17
Total starting regions:  780
Total regions in setPhi: 11800
Total stored regions:    2197
VICTORY
Total time including region generation: 1538176 microseconds
-----
[EXIT CODE]: 0

