=== ITERATION 1 / 10 ===
Mode:          TBB
Total time:             238717 microseconds
Total iterations:       2
Total starting regions: 12294
Total stored regions:   858
VICTORY
Total time including region generation: 262769 microseconds
[EXIT CODE]: 0

=== ITERATION 2 / 10 ===
Mode:          TBB
Total time:             238771 microseconds
Total iterations:       2
Total starting regions: 12294
Total stored regions:   858
VICTORY
Total time including region generation: 260566 microseconds
[EXIT CODE]: 0

=== ITERATION 3 / 10 ===
Mode:          TBB
Total time:             241279 microseconds
Total iterations:       2
Total starting regions: 12294
Total stored regions:   858
VICTORY
Total time including region generation: 266930 microseconds
[EXIT CODE]: 0

=== ITERATION 4 / 10 ===
Mode:          TBB
Total time:             244910 microseconds
Total iterations:       2
Total starting regions: 12294
Total stored regions:   858
VICTORY
Total time including region generation: 267464 microseconds
[EXIT CODE]: 0

=== ITERATION 5 / 10 ===
Mode:          TBB
Total time:             239497 microseconds
Total iterations:       2
Total starting regions: 12294
Total stored regions:   858
VICTORY
Total time including region generation: 261095 microseconds
[EXIT CODE]: 0

=== ITERATION 6 / 10 ===
Mode:          TBB
Total time:             238667 microseconds
Total iterations:       2
Total starting regions: 12294
Total stored regions:   858
VICTORY
Total time including region generation: 263475 microseconds
[EXIT CODE]: 0

=== ITERATION 7 / 10 ===
Mode:          TBB
Total time:             238050 microseconds
Total iterations:       2
Total starting regions: 12294
Total stored regions:   858
VICTORY
Total time including region generation: 268448 microseconds
[EXIT CODE]: 0

=== ITERATION 8 / 10 ===
Mode:          TBB
Total time:             242096 microseconds
Total iterations:       2
Total starting regions: 12294
Total stored regions:   858
VICTORY
Total time including region generation: 265200 microseconds
[EXIT CODE]: 0

=== ITERATION 9 / 10 ===
Mode:          TBB
Total time:             236596 microseconds
Total iterations:       2
Total starting regions: 12294
Total stored regions:   858
VICTORY
Total time including region generation: 257962 microseconds
[EXIT CODE]: 0

=== ITERATION 10 / 10 ===
Mode:          TBB
Total time:             228435 microseconds
Total iterations:       2
Total starting regions: 12294
Total stored regions:   858
VICTORY
Total time including region generation: 254505 microseconds
[EXIT CODE]: 0

