=== ITERATION 1 / 10 ===
Mode:          Sequential.
Total time:             958159 microseconds
Total iterations:       2
Total starting regions: 12294
Total stored regions:   858
VICTORY
Total time including region generation: 986533 microseconds
[EXIT CODE]: 0

=== ITERATION 2 / 10 ===
Mode:          Sequential.
Total time:             962964 microseconds
Total iterations:       2
Total starting regions: 12294
Total stored regions:   858
VICTORY
Total time including region generation: 990111 microseconds
[EXIT CODE]: 0

=== ITERATION 3 / 10 ===
Mode:          Sequential.
Total time:             961776 microseconds
Total iterations:       2
Total starting regions: 12294
Total stored regions:   858
VICTORY
Total time including region generation: 988047 microseconds
[EXIT CODE]: 0

=== ITERATION 4 / 10 ===
Mode:          Sequential.
Total time:             930158 microseconds
Total iterations:       2
Total starting regions: 12294
Total stored regions:   858
VICTORY
Total time including region generation: 955557 microseconds
[EXIT CODE]: 0

=== ITERATION 5 / 10 ===
Mode:          Sequential.
Total time:             955723 microseconds
Total iterations:       2
Total starting regions: 12294
Total stored regions:   858
VICTORY
Total time including region generation: 983719 microseconds
[EXIT CODE]: 0

=== ITERATION 6 / 10 ===
Mode:          Sequential.
Total time:             950461 microseconds
Total iterations:       2
Total starting regions: 12294
Total stored regions:   858
VICTORY
Total time including region generation: 979574 microseconds
[EXIT CODE]: 0

=== ITERATION 7 / 10 ===
Mode:          Sequential.
Total time:             932579 microseconds
Total iterations:       2
Total starting regions: 12294
Total stored regions:   858
VICTORY
Total time including region generation: 959992 microseconds
[EXIT CODE]: 0

=== ITERATION 8 / 10 ===
Mode:          Sequential.
Total time:             932958 microseconds
Total iterations:       2
Total starting regions: 12294
Total stored regions:   858
VICTORY
Total time including region generation: 957546 microseconds
[EXIT CODE]: 0

=== ITERATION 9 / 10 ===
Mode:          Sequential.
Total time:             957684 microseconds
Total iterations:       2
Total starting regions: 12294
Total stored regions:   858
VICTORY
Total time including region generation: 985451 microseconds
[EXIT CODE]: 0

=== ITERATION 10 / 10 ===
Mode:          Sequential.
Total time:             947458 microseconds
Total iterations:       2
Total starting regions: 12294
Total stored regions:   858
VICTORY
Total time including region generation: 972026 microseconds
[EXIT CODE]: 0

