=== ITERATION 1 / 10 ===
Mode:          OpenMP
Total time:             246416 microseconds
Total iterations:       2
Total starting regions: 12294
Total stored regions:   858
VICTORY
Total time including region generation: 274542 microseconds
[EXIT CODE]: 0

=== ITERATION 2 / 10 ===
Mode:          OpenMP
Total time:             240184 microseconds
Total iterations:       2
Total starting regions: 12294
Total stored regions:   858
VICTORY
Total time including region generation: 267797 microseconds
[EXIT CODE]: 0

=== ITERATION 3 / 10 ===
Mode:          OpenMP
Total time:             238142 microseconds
Total iterations:       2
Total starting regions: 12294
Total stored regions:   858
VICTORY
Total time including region generation: 264155 microseconds
[EXIT CODE]: 0

=== ITERATION 4 / 10 ===
Mode:          OpenMP
Total time:             243671 microseconds
Total iterations:       2
Total starting regions: 12294
Total stored regions:   858
VICTORY
Total time including region generation: 265551 microseconds
[EXIT CODE]: 0

=== ITERATION 5 / 10 ===
Mode:          OpenMP
Total time:             245275 microseconds
Total iterations:       2
Total starting regions: 12294
Total stored regions:   858
VICTORY
Total time including region generation: 266959 microseconds
[EXIT CODE]: 0

=== ITERATION 6 / 10 ===
Mode:          OpenMP
Total time:             242090 microseconds
Total iterations:       2
Total starting regions: 12294
Total stored regions:   858
VICTORY
Total time including region generation: 264646 microseconds
[EXIT CODE]: 0

=== ITERATION 7 / 10 ===
Mode:          OpenMP
Total time:             244891 microseconds
Total iterations:       2
Total starting regions: 12294
Total stored regions:   858
VICTORY
Total time including region generation: 267282 microseconds
[EXIT CODE]: 0

=== ITERATION 8 / 10 ===
Mode:          OpenMP
Total time:             243623 microseconds
Total iterations:       2
Total starting regions: 12294
Total stored regions:   858
VICTORY
Total time including region generation: 266227 microseconds
[EXIT CODE]: 0

=== ITERATION 9 / 10 ===
Mode:          OpenMP
Total time:             248378 microseconds
Total iterations:       2
Total starting regions: 12294
Total stored regions:   858
VICTORY
Total time including region generation: 273160 microseconds
[EXIT CODE]: 0

=== ITERATION 10 / 10 ===
Mode:          OpenMP
Total time:             245263 microseconds
Total iterations:       2
Total starting regions: 12294
Total stored regions:   858
VICTORY
Total time including region generation: 266579 microseconds
[EXIT CODE]: 0

