=== ITERATION 1 / 10 ===
Mode:          OpenMP
Total time:              3.15271e+07 microseconds
Total iterations:        18
Total starting regions:  73254
Total regions in setPhi: 2037400
Total stored regions:    171012
VICTORY
Total time including region generation: 3.90793e+07 microseconds
-----
[EXIT CODE]: 0

=== ITERATION 2 / 10 ===
Mode:          OpenMP
Total time:              3.15894e+07 microseconds
Total iterations:        18
Total starting regions:  73254
Total regions in setPhi: 2037400
Total stored regions:    171012
VICTORY
Total time including region generation: 3.90162e+07 microseconds
-----
[EXIT CODE]: 0

=== ITERATION 3 / 10 ===
Mode:          OpenMP
Total time:              3.30763e+07 microseconds
Total iterations:        18
Total starting regions:  73254
Total regions in setPhi: 2037400
Total stored regions:    171012
VICTORY
Total time including region generation: 4.0565e+07 microseconds
-----
[EXIT CODE]: 0

=== ITERATION 4 / 10 ===
Mode:          OpenMP
Total time:              3.27535e+07 microseconds
Total iterations:        18
Total starting regions:  73254
Total regions in setPhi: 2037400
Total stored regions:    171012
VICTORY
Total time including region generation: 4.01987e+07 microseconds
-----
[EXIT CODE]: 0

=== ITERATION 5 / 10 ===
Mode:          OpenMP
Total time:              3.30844e+07 microseconds
Total iterations:        18
Total starting regions:  73254
Total regions in setPhi: 2037400
Total stored regions:    171012
VICTORY
Total time including region generation: 4.05102e+07 microseconds
-----
[EXIT CODE]: 0

=== ITERATION 6 / 10 ===
Mode:          OpenMP
Total time:              3.29206e+07 microseconds
Total iterations:        18
Total starting regions:  73254
Total regions in setPhi: 2037400
Total stored regions:    171012
VICTORY
Total time including region generation: 4.03673e+07 microseconds
-----
[EXIT CODE]: 0

=== ITERATION 7 / 10 ===
Mode:          OpenMP
Total time:              3.29248e+07 microseconds
Total iterations:        18
Total starting regions:  73254
Total regions in setPhi: 2037400
Total stored regions:    171012
VICTORY
Total time including region generation: 4.04002e+07 microseconds
-----
[EXIT CODE]: 0

=== ITERATION 8 / 10 ===
Mode:          OpenMP
Total time:              3.2919e+07 microseconds
Total iterations:        18
Total starting regions:  73254
Total regions in setPhi: 2037400
Total stored regions:    171012
VICTORY
Total time including region generation: 4.03682e+07 microseconds
-----
[EXIT CODE]: 0

=== ITERATION 9 / 10 ===
Mode:          OpenMP
Total time:              3.27917e+07 microseconds
Total iterations:        18
Total starting regions:  73254
Total regions in setPhi: 2037400
Total stored regions:    171012
VICTORY
Total time including region generation: 4.02524e+07 microseconds
-----
[EXIT CODE]: 0

=== ITERATION 10 / 10 ===
Mode:          OpenMP
Total time:              3.27963e+07 microseconds
Total iterations:        18
Total starting regions:  73254
Total regions in setPhi: 2037400
Total stored regions:    171012
VICTORY
Total time including region generation: 4.02835e+07 microseconds
-----
[EXIT CODE]: 0

