=== ITERATION 1 / 10 ===
Mode:          OpenMP
Total time:              4.64965e+07 microseconds
Total iterations:        18
Total starting regions:  73254
Total regions in setPhi: 2037400
Total stored regions:    171012
VICTORY
Total time including region generation: 5.38093e+07 microseconds
-----
[EXIT CODE]: 0

=== ITERATION 2 / 10 ===
Mode:          OpenMP
Total time:              4.57439e+07 microseconds
Total iterations:        18
Total starting regions:  73254
Total regions in setPhi: 2037400
Total stored regions:    171012
VICTORY
Total time including region generation: 5.32105e+07 microseconds
-----
[EXIT CODE]: 0

=== ITERATION 3 / 10 ===
Mode:          OpenMP
Total time:              4.90948e+07 microseconds
Total iterations:        18
Total starting regions:  73254
Total regions in setPhi: 2037400
Total stored regions:    171012
VICTORY
Total time including region generation: 5.65748e+07 microseconds
-----
[EXIT CODE]: 0

=== ITERATION 4 / 10 ===
Mode:          OpenMP
Total time:              4.804e+07 microseconds
Total iterations:        18
Total starting regions:  73254
Total regions in setPhi: 2037400
Total stored regions:    171012
VICTORY
Total time including region generation: 5.5531e+07 microseconds
-----
[EXIT CODE]: 0

=== ITERATION 5 / 10 ===
Mode:          OpenMP
Total time:              4.83613e+07 microseconds
Total iterations:        18
Total starting regions:  73254
Total regions in setPhi: 2037400
Total stored regions:    171012
VICTORY
Total time including region generation: 5.58231e+07 microseconds
-----
[EXIT CODE]: 0

=== ITERATION 6 / 10 ===
Mode:          OpenMP
Total time:              4.881e+07 microseconds
Total iterations:        18
Total starting regions:  73254
Total regions in setPhi: 2037400
Total stored regions:    171012
VICTORY
Total time including region generation: 5.62193e+07 microseconds
-----
[EXIT CODE]: 0

=== ITERATION 7 / 10 ===
Mode:          OpenMP
Total time:              4.87548e+07 microseconds
Total iterations:        18
Total starting regions:  73254
Total regions in setPhi: 2037400
Total stored regions:    171012
VICTORY
Total time including region generation: 5.61754e+07 microseconds
-----
[EXIT CODE]: 0

=== ITERATION 8 / 10 ===
Mode:          OpenMP
Total time:              4.78862e+07 microseconds
Total iterations:        18
Total starting regions:  73254
Total regions in setPhi: 2037400
Total stored regions:    171012
VICTORY
Total time including region generation: 5.53613e+07 microseconds
-----
[EXIT CODE]: 0

=== ITERATION 9 / 10 ===
Mode:          OpenMP
Total time:              4.82887e+07 microseconds
Total iterations:        18
Total starting regions:  73254
Total regions in setPhi: 2037400
Total stored regions:    171012
VICTORY
Total time including region generation: 5.56942e+07 microseconds
-----
[EXIT CODE]: 0

=== ITERATION 10 / 10 ===
Mode:          OpenMP
Total time:              4.86386e+07 microseconds
Total iterations:        18
Total starting regions:  73254
Total regions in setPhi: 2037400
Total stored regions:    171012
VICTORY
Total time including region generation: 5.60475e+07 microseconds
-----
[EXIT CODE]: 0

