=== ITERATION 1 / 10 ===
Mode:          Sequential.
Total time:              209005302 microseconds
Total iterations:        18
Total starting regions:  73254
Total regions in setPhi: 2037400
Total stored regions:    171012
VICTORY
Total time including region generation: 218560211 microseconds
-----
[EXIT CODE]: 0

=== ITERATION 2 / 10 ===
Mode:          Sequential.
Total time:              207733884 microseconds
Total iterations:        18
Total starting regions:  73254
Total regions in setPhi: 2037400
Total stored regions:    171012
VICTORY
Total time including region generation: 217390724 microseconds
-----
[EXIT CODE]: 0

=== ITERATION 3 / 10 ===
Mode:          Sequential.
Total time:              205144815 microseconds
Total iterations:        18
Total starting regions:  73254
Total regions in setPhi: 2037400
Total stored regions:    171012
VICTORY
Total time including region generation: 214782943 microseconds
-----
[EXIT CODE]: 0

=== ITERATION 4 / 10 ===
Mode:          Sequential.
Total time:              204107351 microseconds
Total iterations:        18
Total starting regions:  73254
Total regions in setPhi: 2037400
Total stored regions:    171012
VICTORY
Total time including region generation: 213630427 microseconds
-----
[EXIT CODE]: 0

=== ITERATION 5 / 10 ===
Mode:          Sequential.
Total time:              203932646 microseconds
Total iterations:        18
Total starting regions:  73254
Total regions in setPhi: 2037400
Total stored regions:    171012
VICTORY
Total time including region generation: 213602537 microseconds
-----
[EXIT CODE]: 0

=== ITERATION 6 / 10 ===
Mode:          Sequential.
Total time:              207151578 microseconds
Total iterations:        18
Total starting regions:  73254
Total regions in setPhi: 2037400
Total stored regions:    171012
VICTORY
Total time including region generation: 216724825 microseconds
-----
[EXIT CODE]: 0

=== ITERATION 7 / 10 ===
Mode:          Sequential.
Total time:              208311615 microseconds
Total iterations:        18
Total starting regions:  73254
Total regions in setPhi: 2037400
Total stored regions:    171012
VICTORY
Total time including region generation: 217862223 microseconds
-----
[EXIT CODE]: 0

=== ITERATION 8 / 10 ===
Mode:          Sequential.
Total time:              204579901 microseconds
Total iterations:        18
Total starting regions:  73254
Total regions in setPhi: 2037400
Total stored regions:    171012
VICTORY
Total time including region generation: 214217962 microseconds
-----
[EXIT CODE]: 0

=== ITERATION 9 / 10 ===
Mode:          Sequential.
Total time:              204523560 microseconds
Total iterations:        18
Total starting regions:  73254
Total regions in setPhi: 2037400
Total stored regions:    171012
VICTORY
Total time including region generation: 214126710 microseconds
-----
[EXIT CODE]: 0

=== ITERATION 10 / 10 ===
Mode:          Sequential.
Total time:              205054295 microseconds
Total iterations:        18
Total starting regions:  73254
Total regions in setPhi: 2037400
Total stored regions:    171012
VICTORY
Total time including region generation: 214729994 microseconds
-----
[EXIT CODE]: 0

