=== ITERATION 1 / 10 ===
Mode:          TBB
Total time:             180096 microseconds
Total iterations:       7
Total starting regions: 4472
Total stored regions:   0
LOSE
Total time including region generation: 190423 microseconds
terminate called after throwing an instance of 'std::runtime_error'
  what():  No winning controller strategy exists, hence the strategy graph cannot be computed!
./entrypoint.sh: line 130: 38710 Aborted                    (core dumped) "./$exec_name" "$@"
[EXIT CODE]: 134

=== ITERATION 2 / 10 ===
Mode:          TBB
Total time:             174491 microseconds
Total iterations:       7
Total starting regions: 4472
Total stored regions:   0
LOSE
Total time including region generation: 181783 microseconds
terminate called after throwing an instance of 'std::runtime_error'
  what():  No winning controller strategy exists, hence the strategy graph cannot be computed!
./entrypoint.sh: line 130: 38759 Aborted                    (core dumped) "./$exec_name" "$@"
[EXIT CODE]: 134

=== ITERATION 3 / 10 ===
Mode:          TBB
Total time:             172364 microseconds
Total iterations:       7
Total starting regions: 4472
Total stored regions:   0
LOSE
Total time including region generation: 182263 microseconds
terminate called after throwing an instance of 'std::runtime_error'
  what():  No winning controller strategy exists, hence the strategy graph cannot be computed!
./entrypoint.sh: line 130: 38805 Aborted                    (core dumped) "./$exec_name" "$@"
[EXIT CODE]: 134

=== ITERATION 4 / 10 ===
Mode:          TBB
Total time:             174901 microseconds
Total iterations:       7
Total starting regions: 4472
Total stored regions:   0
LOSE
Total time including region generation: 184708 microseconds
terminate called after throwing an instance of 'std::runtime_error'
  what():  No winning controller strategy exists, hence the strategy graph cannot be computed!
./entrypoint.sh: line 130: 38850 Aborted                    (core dumped) "./$exec_name" "$@"
[EXIT CODE]: 134

=== ITERATION 5 / 10 ===
Mode:          TBB
Total time:             180360 microseconds
Total iterations:       7
Total starting regions: 4472
Total stored regions:   0
LOSE
Total time including region generation: 190260 microseconds
terminate called after throwing an instance of 'std::runtime_error'
  what():  No winning controller strategy exists, hence the strategy graph cannot be computed!
./entrypoint.sh: line 130: 38900 Aborted                    (core dumped) "./$exec_name" "$@"
[EXIT CODE]: 134

=== ITERATION 6 / 10 ===
Mode:          TBB
Total time:             174065 microseconds
Total iterations:       7
Total starting regions: 4472
Total stored regions:   0
LOSE
Total time including region generation: 184032 microseconds
terminate called after throwing an instance of 'std::runtime_error'
  what():  No winning controller strategy exists, hence the strategy graph cannot be computed!
./entrypoint.sh: line 130: 38946 Aborted                    (core dumped) "./$exec_name" "$@"
[EXIT CODE]: 134

=== ITERATION 7 / 10 ===
Mode:          TBB
Total time:             182279 microseconds
Total iterations:       7
Total starting regions: 4472
Total stored regions:   0
LOSE
Total time including region generation: 190814 microseconds
terminate called after throwing an instance of 'std::runtime_error'
  what():  No winning controller strategy exists, hence the strategy graph cannot be computed!
./entrypoint.sh: line 130: 38996 Aborted                    (core dumped) "./$exec_name" "$@"
[EXIT CODE]: 134

=== ITERATION 8 / 10 ===
Mode:          TBB
Total time:             173032 microseconds
Total iterations:       7
Total starting regions: 4472
Total stored regions:   0
LOSE
Total time including region generation: 183000 microseconds
terminate called after throwing an instance of 'std::runtime_error'
  what():  No winning controller strategy exists, hence the strategy graph cannot be computed!
./entrypoint.sh: line 130: 39041 Aborted                    (core dumped) "./$exec_name" "$@"
[EXIT CODE]: 134

=== ITERATION 9 / 10 ===
Mode:          TBB
Total time:             171209 microseconds
Total iterations:       7
Total starting regions: 4472
Total stored regions:   0
LOSE
Total time including region generation: 181169 microseconds
terminate called after throwing an instance of 'std::runtime_error'
  what():  No winning controller strategy exists, hence the strategy graph cannot be computed!
./entrypoint.sh: line 130: 39088 Aborted                    (core dumped) "./$exec_name" "$@"
[EXIT CODE]: 134

=== ITERATION 10 / 10 ===
Mode:          TBB
Total time:             172717 microseconds
Total iterations:       7
Total starting regions: 4472
Total stored regions:   0
LOSE
Total time including region generation: 182647 microseconds
terminate called after throwing an instance of 'std::runtime_error'
  what():  No winning controller strategy exists, hence the strategy graph cannot be computed!
./entrypoint.sh: line 130: 39137 Aborted                    (core dumped) "./$exec_name" "$@"
[EXIT CODE]: 134

