=== ITERATION 1 / 10 ===
Mode:          OpenMP
Total time:             190238 microseconds
Total iterations:       7
Total starting regions: 4472
Total stored regions:   0
LOSE
Total time including region generation: 197744 microseconds
terminate called after throwing an instance of 'std::runtime_error'
  what():  No winning controller strategy exists, hence the strategy graph cannot be computed!
./entrypoint.sh: line 174: 76662 Aborted                    (core dumped) "./$exec_name" "$@"
[EXIT CODE]: 134

=== ITERATION 2 / 10 ===
Mode:          OpenMP
Total time:             193042 microseconds
Total iterations:       7
Total starting regions: 4472
Total stored regions:   0
LOSE
Total time including region generation: 202288 microseconds
terminate called after throwing an instance of 'std::runtime_error'
  what():  No winning controller strategy exists, hence the strategy graph cannot be computed!
./entrypoint.sh: line 174: 76697 Aborted                    (core dumped) "./$exec_name" "$@"
[EXIT CODE]: 134

=== ITERATION 3 / 10 ===
Mode:          OpenMP
Total time:             194342 microseconds
Total iterations:       7
Total starting regions: 4472
Total stored regions:   0
LOSE
Total time including region generation: 202659 microseconds
terminate called after throwing an instance of 'std::runtime_error'
  what():  No winning controller strategy exists, hence the strategy graph cannot be computed!
./entrypoint.sh: line 174: 76732 Aborted                    (core dumped) "./$exec_name" "$@"
[EXIT CODE]: 134

=== ITERATION 4 / 10 ===
Mode:          OpenMP
Total time:             196091 microseconds
Total iterations:       7
Total starting regions: 4472
Total stored regions:   0
LOSE
Total time including region generation: 206515 microseconds
terminate called after throwing an instance of 'std::runtime_error'
  what():  No winning controller strategy exists, hence the strategy graph cannot be computed!
./entrypoint.sh: line 174: 76763 Aborted                    (core dumped) "./$exec_name" "$@"
[EXIT CODE]: 134

=== ITERATION 5 / 10 ===
Mode:          OpenMP
Total time:             194878 microseconds
Total iterations:       7
Total starting regions: 4472
Total stored regions:   0
LOSE
Total time including region generation: 202183 microseconds
terminate called after throwing an instance of 'std::runtime_error'
  what():  No winning controller strategy exists, hence the strategy graph cannot be computed!
./entrypoint.sh: line 174: 76793 Aborted                    (core dumped) "./$exec_name" "$@"
[EXIT CODE]: 134

=== ITERATION 6 / 10 ===
Mode:          OpenMP
Total time:             184574 microseconds
Total iterations:       7
Total starting regions: 4472
Total stored regions:   0
LOSE
Total time including region generation: 193041 microseconds
terminate called after throwing an instance of 'std::runtime_error'
  what():  No winning controller strategy exists, hence the strategy graph cannot be computed!
./entrypoint.sh: line 174: 76831 Aborted                    (core dumped) "./$exec_name" "$@"
[EXIT CODE]: 134

=== ITERATION 7 / 10 ===
Mode:          OpenMP
Total time:             184708 microseconds
Total iterations:       7
Total starting regions: 4472
Total stored regions:   0
LOSE
Total time including region generation: 192270 microseconds
terminate called after throwing an instance of 'std::runtime_error'
  what():  No winning controller strategy exists, hence the strategy graph cannot be computed!
./entrypoint.sh: line 174: 76862 Aborted                    (core dumped) "./$exec_name" "$@"
[EXIT CODE]: 134

=== ITERATION 8 / 10 ===
Mode:          OpenMP
Total time:             192952 microseconds
Total iterations:       7
Total starting regions: 4472
Total stored regions:   0
LOSE
Total time including region generation: 200646 microseconds
terminate called after throwing an instance of 'std::runtime_error'
  what():  No winning controller strategy exists, hence the strategy graph cannot be computed!
./entrypoint.sh: line 174: 76893 Aborted                    (core dumped) "./$exec_name" "$@"
[EXIT CODE]: 134

=== ITERATION 9 / 10 ===
Mode:          OpenMP
Total time:             198797 microseconds
Total iterations:       7
Total starting regions: 4472
Total stored regions:   0
LOSE
Total time including region generation: 207658 microseconds
terminate called after throwing an instance of 'std::runtime_error'
  what():  No winning controller strategy exists, hence the strategy graph cannot be computed!
./entrypoint.sh: line 174: 76927 Aborted                    (core dumped) "./$exec_name" "$@"
[EXIT CODE]: 134

=== ITERATION 10 / 10 ===
Mode:          OpenMP
Total time:             192458 microseconds
Total iterations:       7
Total starting regions: 4472
Total stored regions:   0
LOSE
Total time including region generation: 200094 microseconds
terminate called after throwing an instance of 'std::runtime_error'
  what():  No winning controller strategy exists, hence the strategy graph cannot be computed!
./entrypoint.sh: line 174: 76961 Aborted                    (core dumped) "./$exec_name" "$@"
[EXIT CODE]: 134

