=== ITERATION 1 / 10 ===
Mode:          OpenMP
Total time:             190943 microseconds
Total iterations:       7
Total starting regions: 4472
Total stored regions:   0
LOSE
Total time including region generation: 201430 microseconds
terminate called after throwing an instance of 'std::runtime_error'
  what():  No winning controller strategy exists, hence the strategy graph cannot be computed!
./entrypoint.sh: line 130: 49279 Aborted                    (core dumped) "./$exec_name" "$@"
[EXIT CODE]: 134

=== ITERATION 2 / 10 ===
Mode:          OpenMP
Total time:             193363 microseconds
Total iterations:       7
Total starting regions: 4472
Total stored regions:   0
LOSE
Total time including region generation: 200946 microseconds
terminate called after throwing an instance of 'std::runtime_error'
  what():  No winning controller strategy exists, hence the strategy graph cannot be computed!
./entrypoint.sh: line 130: 49328 Aborted                    (core dumped) "./$exec_name" "$@"
[EXIT CODE]: 134

=== ITERATION 3 / 10 ===
Mode:          OpenMP
Total time:             183995 microseconds
Total iterations:       7
Total starting regions: 4472
Total stored regions:   0
LOSE
Total time including region generation: 191359 microseconds
terminate called after throwing an instance of 'std::runtime_error'
  what():  No winning controller strategy exists, hence the strategy graph cannot be computed!
./entrypoint.sh: line 130: 49379 Aborted                    (core dumped) "./$exec_name" "$@"
[EXIT CODE]: 134

=== ITERATION 4 / 10 ===
Mode:          OpenMP
Total time:             191263 microseconds
Total iterations:       7
Total starting regions: 4472
Total stored regions:   0
LOSE
Total time including region generation: 198719 microseconds
terminate called after throwing an instance of 'std::runtime_error'
  what():  No winning controller strategy exists, hence the strategy graph cannot be computed!
./entrypoint.sh: line 130: 49429 Aborted                    (core dumped) "./$exec_name" "$@"
[EXIT CODE]: 134

=== ITERATION 5 / 10 ===
Mode:          OpenMP
Total time:             184386 microseconds
Total iterations:       7
Total starting regions: 4472
Total stored regions:   0
LOSE
Total time including region generation: 191886 microseconds
terminate called after throwing an instance of 'std::runtime_error'
  what():  No winning controller strategy exists, hence the strategy graph cannot be computed!
./entrypoint.sh: line 130: 49477 Aborted                    (core dumped) "./$exec_name" "$@"
[EXIT CODE]: 134

=== ITERATION 6 / 10 ===
Mode:          OpenMP
Total time:             195428 microseconds
Total iterations:       7
Total starting regions: 4472
Total stored regions:   0
LOSE
Total time including region generation: 203084 microseconds
terminate called after throwing an instance of 'std::runtime_error'
  what():  No winning controller strategy exists, hence the strategy graph cannot be computed!
./entrypoint.sh: line 130: 49524 Aborted                    (core dumped) "./$exec_name" "$@"
[EXIT CODE]: 134

=== ITERATION 7 / 10 ===
Mode:          OpenMP
Total time:             190783 microseconds
Total iterations:       7
Total starting regions: 4472
Total stored regions:   0
LOSE
Total time including region generation: 198515 microseconds
terminate called after throwing an instance of 'std::runtime_error'
  what():  No winning controller strategy exists, hence the strategy graph cannot be computed!
./entrypoint.sh: line 130: 49569 Aborted                    (core dumped) "./$exec_name" "$@"
[EXIT CODE]: 134

=== ITERATION 8 / 10 ===
Mode:          OpenMP
Total time:             187129 microseconds
Total iterations:       7
Total starting regions: 4472
Total stored regions:   0
LOSE
Total time including region generation: 197366 microseconds
terminate called after throwing an instance of 'std::runtime_error'
  what():  No winning controller strategy exists, hence the strategy graph cannot be computed!
./entrypoint.sh: line 130: 49616 Aborted                    (core dumped) "./$exec_name" "$@"
[EXIT CODE]: 134

=== ITERATION 9 / 10 ===
Mode:          OpenMP
Total time:             189244 microseconds
Total iterations:       7
Total starting regions: 4472
Total stored regions:   0
LOSE
Total time including region generation: 196776 microseconds
terminate called after throwing an instance of 'std::runtime_error'
  what():  No winning controller strategy exists, hence the strategy graph cannot be computed!
./entrypoint.sh: line 130: 49661 Aborted                    (core dumped) "./$exec_name" "$@"
[EXIT CODE]: 134

=== ITERATION 10 / 10 ===
Mode:          OpenMP
Total time:             189273 microseconds
Total iterations:       7
Total starting regions: 4472
Total stored regions:   0
LOSE
Total time including region generation: 199515 microseconds
terminate called after throwing an instance of 'std::runtime_error'
  what():  No winning controller strategy exists, hence the strategy graph cannot be computed!
./entrypoint.sh: line 130: 49707 Aborted                    (core dumped) "./$exec_name" "$@"
[EXIT CODE]: 134

