=== ITERATION 1 / 10 ===
Mode:          OpenMP
Total time:              790154 microseconds
Total iterations:       19
Total starting regions: 806
Total stored regions:   1
VICTORY
Total time including region generation: 799397 microseconds
[EXIT CODE]: 0

=== ITERATION 2 / 10 ===
Mode:          OpenMP
Total time:              796296 microseconds
Total iterations:       19
Total starting regions: 806
Total stored regions:   1
VICTORY
Total time including region generation: 804099 microseconds
[EXIT CODE]: 0

=== ITERATION 3 / 10 ===
Mode:          OpenMP
Total time:              795437 microseconds
Total iterations:       19
Total starting regions: 806
Total stored regions:   1
VICTORY
Total time including region generation: 803097 microseconds
[EXIT CODE]: 0

=== ITERATION 4 / 10 ===
Mode:          OpenMP
Total time:              791754 microseconds
Total iterations:       19
Total starting regions: 806
Total stored regions:   1
VICTORY
Total time including region generation: 800877 microseconds
[EXIT CODE]: 0

=== ITERATION 5 / 10 ===
Mode:          OpenMP
Total time:              785656 microseconds
Total iterations:       19
Total starting regions: 806
Total stored regions:   1
VICTORY
Total time including region generation: 794442 microseconds
[EXIT CODE]: 0

=== ITERATION 6 / 10 ===
Mode:          OpenMP
Total time:              786644 microseconds
Total iterations:       19
Total starting regions: 806
Total stored regions:   1
VICTORY
Total time including region generation: 794669 microseconds
[EXIT CODE]: 0

=== ITERATION 7 / 10 ===
Mode:          OpenMP
Total time:              792937 microseconds
Total iterations:       19
Total starting regions: 806
Total stored regions:   1
VICTORY
Total time including region generation: 801188 microseconds
[EXIT CODE]: 0

=== ITERATION 8 / 10 ===
Mode:          OpenMP
Total time:              786344 microseconds
Total iterations:       19
Total starting regions: 806
Total stored regions:   1
VICTORY
Total time including region generation: 793953 microseconds
[EXIT CODE]: 0

=== ITERATION 9 / 10 ===
Mode:          OpenMP
Total time:              787983 microseconds
Total iterations:       19
Total starting regions: 806
Total stored regions:   1
VICTORY
Total time including region generation: 797740 microseconds
[EXIT CODE]: 0

=== ITERATION 10 / 10 ===
Mode:          OpenMP
Total time:              797290 microseconds
Total iterations:       19
Total starting regions: 806
Total stored regions:   1
VICTORY
Total time including region generation: 806166 microseconds
[EXIT CODE]: 0

