=== ITERATION 1 / 10 ===
Mode:          Sequential.
Total time:              972296 microseconds
Total iterations:       19
Total starting regions: 806
Total stored regions:   1
VICTORY
Total time including region generation: 976503 microseconds
[EXIT CODE]: 0

=== ITERATION 2 / 10 ===
Mode:          Sequential.
Total time:              978708 microseconds
Total iterations:       19
Total starting regions: 806
Total stored regions:   1
VICTORY
Total time including region generation: 982171 microseconds
[EXIT CODE]: 0

=== ITERATION 3 / 10 ===
Mode:          Sequential.
Total time:              1005585 microseconds
Total iterations:       19
Total starting regions: 806
Total stored regions:   1
VICTORY
Total time including region generation: 1010665 microseconds
[EXIT CODE]: 0

=== ITERATION 4 / 10 ===
Mode:          Sequential.
Total time:              975374 microseconds
Total iterations:       19
Total starting regions: 806
Total stored regions:   1
VICTORY
Total time including region generation: 979598 microseconds
[EXIT CODE]: 0

=== ITERATION 5 / 10 ===
Mode:          Sequential.
Total time:              977436 microseconds
Total iterations:       19
Total starting regions: 806
Total stored regions:   1
VICTORY
Total time including region generation: 980958 microseconds
[EXIT CODE]: 0

=== ITERATION 6 / 10 ===
Mode:          Sequential.
Total time:              998885 microseconds
Total iterations:       19
Total starting regions: 806
Total stored regions:   1
VICTORY
Total time including region generation: 1002800 microseconds
[EXIT CODE]: 0

=== ITERATION 7 / 10 ===
Mode:          Sequential.
Total time:              979244 microseconds
Total iterations:       19
Total starting regions: 806
Total stored regions:   1
VICTORY
Total time including region generation: 983210 microseconds
[EXIT CODE]: 0

=== ITERATION 8 / 10 ===
Mode:          Sequential.
Total time:              995784 microseconds
Total iterations:       19
Total starting regions: 806
Total stored regions:   1
VICTORY
Total time including region generation: 999030 microseconds
[EXIT CODE]: 0

=== ITERATION 9 / 10 ===
Mode:          Sequential.
Total time:              984852 microseconds
Total iterations:       19
Total starting regions: 806
Total stored regions:   1
VICTORY
Total time including region generation: 989248 microseconds
[EXIT CODE]: 0

=== ITERATION 10 / 10 ===
Mode:          Sequential.
Total time:              1003840 microseconds
Total iterations:       19
Total starting regions: 806
Total stored regions:   1
VICTORY
Total time including region generation: 1007971 microseconds
[EXIT CODE]: 0

