=== ITERATION 1 / 10 ===
Mode:          OpenMP
Total time:              461338 microseconds
Total iterations:       27
Total starting regions: 806
Total stored regions:   0
LOSE
Total time including region generation: 470868 microseconds
----- 
[EXIT CODE]: 0

=== ITERATION 2 / 10 ===
Mode:          OpenMP
Total time:              462716 microseconds
Total iterations:       27
Total starting regions: 806
Total stored regions:   0
LOSE
Total time including region generation: 472461 microseconds
----- 
[EXIT CODE]: 0

=== ITERATION 3 / 10 ===
Mode:          OpenMP
Total time:              454076 microseconds
Total iterations:       27
Total starting regions: 806
Total stored regions:   0
LOSE
Total time including region generation: 464052 microseconds
----- 
[EXIT CODE]: 0

=== ITERATION 4 / 10 ===
Mode:          OpenMP
Total time:              453038 microseconds
Total iterations:       27
Total starting regions: 806
Total stored regions:   0
LOSE
Total time including region generation: 462582 microseconds
----- 
[EXIT CODE]: 0

=== ITERATION 5 / 10 ===
Mode:          OpenMP
Total time:              446508 microseconds
Total iterations:       27
Total starting regions: 806
Total stored regions:   0
LOSE
Total time including region generation: 456780 microseconds
----- 
[EXIT CODE]: 0

=== ITERATION 6 / 10 ===
Mode:          OpenMP
Total time:              467329 microseconds
Total iterations:       27
Total starting regions: 806
Total stored regions:   0
LOSE
Total time including region generation: 476233 microseconds
----- 
[EXIT CODE]: 0

=== ITERATION 7 / 10 ===
Mode:          OpenMP
Total time:              461439 microseconds
Total iterations:       27
Total starting regions: 806
Total stored regions:   0
LOSE
Total time including region generation: 470584 microseconds
----- 
[EXIT CODE]: 0

=== ITERATION 8 / 10 ===
Mode:          OpenMP
Total time:              461759 microseconds
Total iterations:       27
Total starting regions: 806
Total stored regions:   0
LOSE
Total time including region generation: 472457 microseconds
----- 
[EXIT CODE]: 0

=== ITERATION 9 / 10 ===
Mode:          OpenMP
Total time:              458182 microseconds
Total iterations:       27
Total starting regions: 806
Total stored regions:   0
LOSE
Total time including region generation: 469593 microseconds
----- 
[EXIT CODE]: 0

=== ITERATION 10 / 10 ===
Mode:          OpenMP
Total time:              459328 microseconds
Total iterations:       27
Total starting regions: 806
Total stored regions:   0
LOSE
Total time including region generation: 468949 microseconds
----- 
[EXIT CODE]: 0

