=== ITERATION 1 / 10 ===
Mode:          OpenMP
Total time:              456167 microseconds
Total iterations:       27
Total starting regions: 806
Total stored regions:   0
LOSE
Total time including region generation: 466489 microseconds
----- 
[EXIT CODE]: 0

=== ITERATION 2 / 10 ===
Mode:          OpenMP
Total time:              453756 microseconds
Total iterations:       27
Total starting regions: 806
Total stored regions:   0
LOSE
Total time including region generation: 463439 microseconds
----- 
[EXIT CODE]: 0

=== ITERATION 3 / 10 ===
Mode:          OpenMP
Total time:              451529 microseconds
Total iterations:       27
Total starting regions: 806
Total stored regions:   0
LOSE
Total time including region generation: 459833 microseconds
----- 
[EXIT CODE]: 0

=== ITERATION 4 / 10 ===
Mode:          OpenMP
Total time:              456516 microseconds
Total iterations:       27
Total starting regions: 806
Total stored regions:   0
LOSE
Total time including region generation: 465785 microseconds
----- 
[EXIT CODE]: 0

=== ITERATION 5 / 10 ===
Mode:          OpenMP
Total time:              453032 microseconds
Total iterations:       27
Total starting regions: 806
Total stored regions:   0
LOSE
Total time including region generation: 463370 microseconds
----- 
[EXIT CODE]: 0

=== ITERATION 6 / 10 ===
Mode:          OpenMP
Total time:              452487 microseconds
Total iterations:       27
Total starting regions: 806
Total stored regions:   0
LOSE
Total time including region generation: 462105 microseconds
----- 
[EXIT CODE]: 0

=== ITERATION 7 / 10 ===
Mode:          OpenMP
Total time:              453519 microseconds
Total iterations:       27
Total starting regions: 806
Total stored regions:   0
LOSE
Total time including region generation: 462815 microseconds
----- 
[EXIT CODE]: 0

=== ITERATION 8 / 10 ===
Mode:          OpenMP
Total time:              463482 microseconds
Total iterations:       27
Total starting regions: 806
Total stored regions:   0
LOSE
Total time including region generation: 472962 microseconds
----- 
[EXIT CODE]: 0

=== ITERATION 9 / 10 ===
Mode:          OpenMP
Total time:              454503 microseconds
Total iterations:       27
Total starting regions: 806
Total stored regions:   0
LOSE
Total time including region generation: 464257 microseconds
----- 
[EXIT CODE]: 0

=== ITERATION 10 / 10 ===
Mode:          OpenMP
Total time:              464383 microseconds
Total iterations:       27
Total starting regions: 806
Total stored regions:   0
LOSE
Total time including region generation: 474718 microseconds
----- 
[EXIT CODE]: 0

