=== ITERATION 1 / 10 ===
Mode:          Sequential.
Total time:              2020 microseconds
Total iterations:        1
Total starting regions:  806
Total regions in setPhi: 0
Total stored regions:    806
LOSE
Total time including region generation: 3877 microseconds
----- 
[EXIT CODE]: 0

=== ITERATION 2 / 10 ===
Mode:          Sequential.
Total time:              2026 microseconds
Total iterations:        1
Total starting regions:  806
Total regions in setPhi: 0
Total stored regions:    806
LOSE
Total time including region generation: 3531 microseconds
----- 
[EXIT CODE]: 0

=== ITERATION 3 / 10 ===
Mode:          Sequential.
Total time:              2064 microseconds
Total iterations:        1
Total starting regions:  806
Total regions in setPhi: 0
Total stored regions:    806
LOSE
Total time including region generation: 3403 microseconds
----- 
[EXIT CODE]: 0

=== ITERATION 4 / 10 ===
Mode:          Sequential.
Total time:              1979 microseconds
Total iterations:        1
Total starting regions:  806
Total regions in setPhi: 0
Total stored regions:    806
LOSE
Total time including region generation: 3856 microseconds
----- 
[EXIT CODE]: 0

=== ITERATION 5 / 10 ===
Mode:          Sequential.
Total time:              2027 microseconds
Total iterations:        1
Total starting regions:  806
Total regions in setPhi: 0
Total stored regions:    806
LOSE
Total time including region generation: 4074 microseconds
----- 
[EXIT CODE]: 0

=== ITERATION 6 / 10 ===
Mode:          Sequential.
Total time:              2033 microseconds
Total iterations:        1
Total starting regions:  806
Total regions in setPhi: 0
Total stored regions:    806
LOSE
Total time including region generation: 3632 microseconds
----- 
[EXIT CODE]: 0

=== ITERATION 7 / 10 ===
Mode:          Sequential.
Total time:              2031 microseconds
Total iterations:        1
Total starting regions:  806
Total regions in setPhi: 0
Total stored regions:    806
LOSE
Total time including region generation: 4002 microseconds
----- 
[EXIT CODE]: 0

=== ITERATION 8 / 10 ===
Mode:          Sequential.
Total time:              2061 microseconds
Total iterations:        1
Total starting regions:  806
Total regions in setPhi: 0
Total stored regions:    806
LOSE
Total time including region generation: 3681 microseconds
----- 
[EXIT CODE]: 0

=== ITERATION 9 / 10 ===
Mode:          Sequential.
Total time:              2235 microseconds
Total iterations:        1
Total starting regions:  806
Total regions in setPhi: 0
Total stored regions:    806
LOSE
Total time including region generation: 3816 microseconds
----- 
[EXIT CODE]: 0

=== ITERATION 10 / 10 ===
Mode:          Sequential.
Total time:              2043 microseconds
Total iterations:        1
Total starting regions:  806
Total regions in setPhi: 0
Total stored regions:    806
LOSE
Total time including region generation: 4007 microseconds
----- 
[EXIT CODE]: 0

