=== ITERATION 1 / 10 ===
Mode:          TBB
Total time:              882.864 microseconds
Total iterations:        1
Total starting regions:  806
Total regions in setPhi: 0
Total stored regions:    806
LOSE
Total time including region generation: 2240.9 microseconds
----- 
[EXIT CODE]: 0

=== ITERATION 2 / 10 ===
Mode:          TBB
Total time:              1167.06 microseconds
Total iterations:        1
Total starting regions:  806
Total regions in setPhi: 0
Total stored regions:    806
LOSE
Total time including region generation: 3205.06 microseconds
----- 
[EXIT CODE]: 0

=== ITERATION 3 / 10 ===
Mode:          TBB
Total time:              999.928 microseconds
Total iterations:        1
Total starting regions:  806
Total regions in setPhi: 0
Total stored regions:    806
LOSE
Total time including region generation: 2977.85 microseconds
----- 
[EXIT CODE]: 0

=== ITERATION 4 / 10 ===
Mode:          TBB
Total time:              819.921 microseconds
Total iterations:        1
Total starting regions:  806
Total regions in setPhi: 0
Total stored regions:    806
LOSE
Total time including region generation: 2575.87 microseconds
----- 
[EXIT CODE]: 0

=== ITERATION 5 / 10 ===
Mode:          TBB
Total time:              933.886 microseconds
Total iterations:        1
Total starting regions:  806
Total regions in setPhi: 0
Total stored regions:    806
LOSE
Total time including region generation: 21361.8 microseconds
----- 
[EXIT CODE]: 0

=== ITERATION 6 / 10 ===
Mode:          TBB
Total time:              1026.87 microseconds
Total iterations:        1
Total starting regions:  806
Total regions in setPhi: 0
Total stored regions:    806
LOSE
Total time including region generation: 2630.95 microseconds
----- 
[EXIT CODE]: 0

=== ITERATION 7 / 10 ===
Mode:          TBB
Total time:              1137.02 microseconds
Total iterations:        1
Total starting regions:  806
Total regions in setPhi: 0
Total stored regions:    806
LOSE
Total time including region generation: 3134.01 microseconds
----- 
[EXIT CODE]: 0

=== ITERATION 8 / 10 ===
Mode:          TBB
Total time:              1101.02 microseconds
Total iterations:        1
Total starting regions:  806
Total regions in setPhi: 0
Total stored regions:    806
LOSE
Total time including region generation: 3082.99 microseconds
----- 
[EXIT CODE]: 0

=== ITERATION 9 / 10 ===
Mode:          TBB
Total time:              990.868 microseconds
Total iterations:        1
Total starting regions:  806
Total regions in setPhi: 0
Total stored regions:    806
LOSE
Total time including region generation: 2370.12 microseconds
----- 
[EXIT CODE]: 0

=== ITERATION 10 / 10 ===
Mode:          TBB
Total time:              897.884 microseconds
Total iterations:        1
Total starting regions:  806
Total regions in setPhi: 0
Total stored regions:    806
LOSE
Total time including region generation: 2606.15 microseconds
----- 
[EXIT CODE]: 0

