=== ITERATION 1 / 10 ===
Mode:          OpenMP
Total time:              6437.78 microseconds
Total iterations:        1
Total starting regions:  806
Total regions in setPhi: 0
Total stored regions:    806
LOSE
Total time including region generation: 8362.05 microseconds
----- 
[EXIT CODE]: 0

=== ITERATION 2 / 10 ===
Mode:          OpenMP
Total time:              5517.01 microseconds
Total iterations:        1
Total starting regions:  806
Total regions in setPhi: 0
Total stored regions:    806
LOSE
Total time including region generation: 6959.92 microseconds
----- 
[EXIT CODE]: 0

=== ITERATION 3 / 10 ===
Mode:          OpenMP
Total time:              6698.13 microseconds
Total iterations:        1
Total starting regions:  806
Total regions in setPhi: 0
Total stored regions:    806
LOSE
Total time including region generation: 8760.93 microseconds
----- 
[EXIT CODE]: 0

=== ITERATION 4 / 10 ===
Mode:          OpenMP
Total time:              5120.04 microseconds
Total iterations:        1
Total starting regions:  806
Total regions in setPhi: 0
Total stored regions:    806
LOSE
Total time including region generation: 6640.91 microseconds
----- 
[EXIT CODE]: 0

=== ITERATION 5 / 10 ===
Mode:          OpenMP
Total time:              5971.91 microseconds
Total iterations:        1
Total starting regions:  806
Total regions in setPhi: 0
Total stored regions:    806
LOSE
Total time including region generation: 7794.86 microseconds
----- 
[EXIT CODE]: 0

=== ITERATION 6 / 10 ===
Mode:          OpenMP
Total time:              5643.84 microseconds
Total iterations:        1
Total starting regions:  806
Total regions in setPhi: 0
Total stored regions:    806
LOSE
Total time including region generation: 7102.01 microseconds
----- 
[EXIT CODE]: 0

=== ITERATION 7 / 10 ===
Mode:          OpenMP
Total time:              5466.94 microseconds
Total iterations:        1
Total starting regions:  806
Total regions in setPhi: 0
Total stored regions:    806
LOSE
Total time including region generation: 6958.01 microseconds
----- 
[EXIT CODE]: 0

=== ITERATION 8 / 10 ===
Mode:          OpenMP
Total time:              5160.09 microseconds
Total iterations:        1
Total starting regions:  806
Total regions in setPhi: 0
Total stored regions:    806
LOSE
Total time including region generation: 6649.97 microseconds
----- 
[EXIT CODE]: 0

=== ITERATION 9 / 10 ===
Mode:          OpenMP
Total time:              6004.1 microseconds
Total iterations:        1
Total starting regions:  806
Total regions in setPhi: 0
Total stored regions:    806
LOSE
Total time including region generation: 7659.91 microseconds
----- 
[EXIT CODE]: 0

=== ITERATION 10 / 10 ===
Mode:          OpenMP
Total time:              5927.8 microseconds
Total iterations:        1
Total starting regions:  806
Total regions in setPhi: 0
Total stored regions:    806
LOSE
Total time including region generation: 7421.97 microseconds
----- 
[EXIT CODE]: 0

