=== ITERATION 1 / 10 ===
Mode:          TBB
Total time:              452614 microseconds
Total iterations:        17
Total starting regions:  780
Total regions in setPhi: 11800
Total stored regions:    2197
VICTORY
Total time including region generation: 481759 microseconds
[EXIT CODE]: 0

=== ITERATION 2 / 10 ===
Mode:          TBB
Total time:              452724 microseconds
Total iterations:        17
Total starting regions:  780
Total regions in setPhi: 11800
Total stored regions:    2197
VICTORY
Total time including region generation: 482023 microseconds
[EXIT CODE]: 0

=== ITERATION 3 / 10 ===
Mode:          TBB
Total time:              438843 microseconds
Total iterations:        17
Total starting regions:  780
Total regions in setPhi: 11800
Total stored regions:    2197
VICTORY
Total time including region generation: 467561 microseconds
[EXIT CODE]: 0

=== ITERATION 4 / 10 ===
Mode:          TBB
Total time:              446737 microseconds
Total iterations:        17
Total starting regions:  780
Total regions in setPhi: 11800
Total stored regions:    2197
VICTORY
Total time including region generation: 479287 microseconds
[EXIT CODE]: 0

=== ITERATION 5 / 10 ===
Mode:          TBB
Total time:              440541 microseconds
Total iterations:        17
Total starting regions:  780
Total regions in setPhi: 11800
Total stored regions:    2197
VICTORY
Total time including region generation: 474355 microseconds
[EXIT CODE]: 0

=== ITERATION 6 / 10 ===
Mode:          TBB
Total time:              453784 microseconds
Total iterations:        17
Total starting regions:  780
Total regions in setPhi: 11800
Total stored regions:    2197
VICTORY
Total time including region generation: 481418 microseconds
[EXIT CODE]: 0

=== ITERATION 7 / 10 ===
Mode:          TBB
Total time:              446280 microseconds
Total iterations:        17
Total starting regions:  780
Total regions in setPhi: 11800
Total stored regions:    2197
VICTORY
Total time including region generation: 478198 microseconds
[EXIT CODE]: 0

=== ITERATION 8 / 10 ===
Mode:          TBB
Total time:              437068 microseconds
Total iterations:        17
Total starting regions:  780
Total regions in setPhi: 11800
Total stored regions:    2197
VICTORY
Total time including region generation: 465719 microseconds
[EXIT CODE]: 0

=== ITERATION 9 / 10 ===
Mode:          TBB
Total time:              446919 microseconds
Total iterations:        17
Total starting regions:  780
Total regions in setPhi: 11800
Total stored regions:    2197
VICTORY
Total time including region generation: 475095 microseconds
[EXIT CODE]: 0

=== ITERATION 10 / 10 ===
Mode:          TBB
Total time:              455387 microseconds
Total iterations:        17
Total starting regions:  780
Total regions in setPhi: 11800
Total stored regions:    2197
VICTORY
Total time including region generation: 483330 microseconds
[EXIT CODE]: 0

