=== ITERATION 1 / 10 ===
Mode:          OpenMP
Total time:              446815 microseconds
Total iterations:        17
Total starting regions:  780
Total regions in setPhi: 11800
Total stored regions:    2197
VICTORY
Total time including region generation: 475363 microseconds
[EXIT CODE]: 0

=== ITERATION 2 / 10 ===
Mode:          OpenMP
Total time:              455749 microseconds
Total iterations:        17
Total starting regions:  780
Total regions in setPhi: 11800
Total stored regions:    2197
VICTORY
Total time including region generation: 484832 microseconds
[EXIT CODE]: 0

=== ITERATION 3 / 10 ===
Mode:          OpenMP
Total time:              431688 microseconds
Total iterations:        17
Total starting regions:  780
Total regions in setPhi: 11800
Total stored regions:    2197
VICTORY
Total time including region generation: 459777 microseconds
[EXIT CODE]: 0

=== ITERATION 4 / 10 ===
Mode:          OpenMP
Total time:              439220 microseconds
Total iterations:        17
Total starting regions:  780
Total regions in setPhi: 11800
Total stored regions:    2197
VICTORY
Total time including region generation: 468820 microseconds
[EXIT CODE]: 0

=== ITERATION 5 / 10 ===
Mode:          OpenMP
Total time:              437742 microseconds
Total iterations:        17
Total starting regions:  780
Total regions in setPhi: 11800
Total stored regions:    2197
VICTORY
Total time including region generation: 465911 microseconds
[EXIT CODE]: 0

=== ITERATION 6 / 10 ===
Mode:          OpenMP
Total time:              446759 microseconds
Total iterations:        17
Total starting regions:  780
Total regions in setPhi: 11800
Total stored regions:    2197
VICTORY
Total time including region generation: 475809 microseconds
[EXIT CODE]: 0

=== ITERATION 7 / 10 ===
Mode:          OpenMP
Total time:              447875 microseconds
Total iterations:        17
Total starting regions:  780
Total regions in setPhi: 11800
Total stored regions:    2197
VICTORY
Total time including region generation: 478270 microseconds
[EXIT CODE]: 0

=== ITERATION 8 / 10 ===
Mode:          OpenMP
Total time:              441885 microseconds
Total iterations:        17
Total starting regions:  780
Total regions in setPhi: 11800
Total stored regions:    2197
VICTORY
Total time including region generation: 471380 microseconds
[EXIT CODE]: 0

=== ITERATION 9 / 10 ===
Mode:          OpenMP
Total time:              431951 microseconds
Total iterations:        17
Total starting regions:  780
Total regions in setPhi: 11800
Total stored regions:    2197
VICTORY
Total time including region generation: 459755 microseconds
[EXIT CODE]: 0

=== ITERATION 10 / 10 ===
Mode:          OpenMP
Total time:              450388 microseconds
Total iterations:        17
Total starting regions:  780
Total regions in setPhi: 11800
Total stored regions:    2197
VICTORY
Total time including region generation: 478589 microseconds
[EXIT CODE]: 0

