=== ITERATION 1 / 10 ===
Mode:          OpenMP
Total time:              478482 microseconds
Total iterations:        17
Total starting regions:  780
Total regions in setPhi: 11800
Total stored regions:    2197
VICTORY
Total time including region generation: 507959 microseconds
[EXIT CODE]: 0

=== ITERATION 2 / 10 ===
Mode:          OpenMP
Total time:              484505 microseconds
Total iterations:        17
Total starting regions:  780
Total regions in setPhi: 11800
Total stored regions:    2197
VICTORY
Total time including region generation: 513078 microseconds
[EXIT CODE]: 0

=== ITERATION 3 / 10 ===
Mode:          OpenMP
Total time:              471207 microseconds
Total iterations:        17
Total starting regions:  780
Total regions in setPhi: 11800
Total stored regions:    2197
VICTORY
Total time including region generation: 501650 microseconds
[EXIT CODE]: 0

=== ITERATION 4 / 10 ===
Mode:          OpenMP
Total time:              480507 microseconds
Total iterations:        17
Total starting regions:  780
Total regions in setPhi: 11800
Total stored regions:    2197
VICTORY
Total time including region generation: 515417 microseconds
[EXIT CODE]: 0

=== ITERATION 5 / 10 ===
Mode:          OpenMP
Total time:              473527 microseconds
Total iterations:        17
Total starting regions:  780
Total regions in setPhi: 11800
Total stored regions:    2197
VICTORY
Total time including region generation: 501637 microseconds
[EXIT CODE]: 0

=== ITERATION 6 / 10 ===
Mode:          OpenMP
Total time:              474783 microseconds
Total iterations:        17
Total starting regions:  780
Total regions in setPhi: 11800
Total stored regions:    2197
VICTORY
Total time including region generation: 503647 microseconds
[EXIT CODE]: 0

=== ITERATION 7 / 10 ===
Mode:          OpenMP
Total time:              482421 microseconds
Total iterations:        17
Total starting regions:  780
Total regions in setPhi: 11800
Total stored regions:    2197
VICTORY
Total time including region generation: 512641 microseconds
[EXIT CODE]: 0

=== ITERATION 8 / 10 ===
Mode:          OpenMP
Total time:              472594 microseconds
Total iterations:        17
Total starting regions:  780
Total regions in setPhi: 11800
Total stored regions:    2197
VICTORY
Total time including region generation: 501691 microseconds
[EXIT CODE]: 0

=== ITERATION 9 / 10 ===
Mode:          OpenMP
Total time:              477878 microseconds
Total iterations:        17
Total starting regions:  780
Total regions in setPhi: 11800
Total stored regions:    2197
VICTORY
Total time including region generation: 506877 microseconds
[EXIT CODE]: 0

=== ITERATION 10 / 10 ===
Mode:          OpenMP
Total time:              486400 microseconds
Total iterations:        17
Total starting regions:  780
Total regions in setPhi: 11800
Total stored regions:    2197
VICTORY
Total time including region generation: 516373 microseconds
[EXIT CODE]: 0

