=== ITERATION 1 / 10 ===
Mode:          TBB
Total time:              5.2947e+07 microseconds
Total iterations:        18
Total starting regions:  73254
Total regions in setPhi: 2037400
Total stored regions:    171012
VICTORY
Total time including region generation: 6.02871e+07 microseconds
[EXIT CODE]: 0

=== ITERATION 2 / 10 ===
Mode:          TBB
Total time:              5.86675e+07 microseconds
Total iterations:        18
Total starting regions:  73254
Total regions in setPhi: 2037400
Total stored regions:    171012
VICTORY
Total time including region generation: 6.61331e+07 microseconds
[EXIT CODE]: 0

=== ITERATION 3 / 10 ===
Mode:          TBB
Total time:              5.98901e+07 microseconds
Total iterations:        18
Total starting regions:  73254
Total regions in setPhi: 2037400
Total stored regions:    171012
VICTORY
Total time including region generation: 6.73962e+07 microseconds
[EXIT CODE]: 0

=== ITERATION 4 / 10 ===
Mode:          TBB
Total time:              5.79515e+07 microseconds
Total iterations:        18
Total starting regions:  73254
Total regions in setPhi: 2037400
Total stored regions:    171012
VICTORY
Total time including region generation: 6.53555e+07 microseconds
[EXIT CODE]: 0

=== ITERATION 5 / 10 ===
Mode:          TBB
Total time:              5.78513e+07 microseconds
Total iterations:        18
Total starting regions:  73254
Total regions in setPhi: 2037400
Total stored regions:    171012
VICTORY
Total time including region generation: 6.52572e+07 microseconds
[EXIT CODE]: 0

=== ITERATION 6 / 10 ===
Mode:          TBB
Total time:              5.86099e+07 microseconds
Total iterations:        18
Total starting regions:  73254
Total regions in setPhi: 2037400
Total stored regions:    171012
VICTORY
Total time including region generation: 6.60213e+07 microseconds
[EXIT CODE]: 0

=== ITERATION 7 / 10 ===
Mode:          TBB
Total time:              5.88614e+07 microseconds
Total iterations:        18
Total starting regions:  73254
Total regions in setPhi: 2037400
Total stored regions:    171012
VICTORY
Total time including region generation: 6.6401e+07 microseconds
[EXIT CODE]: 0

=== ITERATION 8 / 10 ===
Mode:          TBB
Total time:              5.83461e+07 microseconds
Total iterations:        18
Total starting regions:  73254
Total regions in setPhi: 2037400
Total stored regions:    171012
VICTORY
Total time including region generation: 6.5795e+07 microseconds
[EXIT CODE]: 0

=== ITERATION 9 / 10 ===
Mode:          TBB
Total time:              5.91183e+07 microseconds
Total iterations:        18
Total starting regions:  73254
Total regions in setPhi: 2037400
Total stored regions:    171012
VICTORY
Total time including region generation: 6.65534e+07 microseconds
[EXIT CODE]: 0

=== ITERATION 10 / 10 ===
Mode:          TBB
Total time:              5.71338e+07 microseconds
Total iterations:        18
Total starting regions:  73254
Total regions in setPhi: 2037400
Total stored regions:    171012
VICTORY
Total time including region generation: 6.46543e+07 microseconds
[EXIT CODE]: 0

