=== ITERATION 1 / 10 ===
Mode:          OpenMP
Total time:              4.97667e+07 microseconds
Total iterations:        18
Total starting regions:  73254
Total regions in setPhi: 2037400
Total stored regions:    171012
VICTORY
Total time including region generation: 5.71652e+07 microseconds
[EXIT CODE]: 0

=== ITERATION 2 / 10 ===
Mode:          OpenMP
Total time:              5.29699e+07 microseconds
Total iterations:        18
Total starting regions:  73254
Total regions in setPhi: 2037400
Total stored regions:    171012
VICTORY
Total time including region generation: 6.04674e+07 microseconds
[EXIT CODE]: 0

=== ITERATION 3 / 10 ===
Mode:          OpenMP
Total time:              5.43605e+07 microseconds
Total iterations:        18
Total starting regions:  73254
Total regions in setPhi: 2037400
Total stored regions:    171012
VICTORY
Total time including region generation: 6.18462e+07 microseconds
[EXIT CODE]: 0

=== ITERATION 4 / 10 ===
Mode:          OpenMP
Total time:              5.31102e+07 microseconds
Total iterations:        18
Total starting regions:  73254
Total regions in setPhi: 2037400
Total stored regions:    171012
VICTORY
Total time including region generation: 6.05983e+07 microseconds
[EXIT CODE]: 0

=== ITERATION 5 / 10 ===
Mode:          OpenMP
Total time:              5.29653e+07 microseconds
Total iterations:        18
Total starting regions:  73254
Total regions in setPhi: 2037400
Total stored regions:    171012
VICTORY
Total time including region generation: 6.03962e+07 microseconds
[EXIT CODE]: 0

=== ITERATION 6 / 10 ===
Mode:          OpenMP
Total time:              5.26815e+07 microseconds
Total iterations:        18
Total starting regions:  73254
Total regions in setPhi: 2037400
Total stored regions:    171012
VICTORY
Total time including region generation: 6.01976e+07 microseconds
[EXIT CODE]: 0

=== ITERATION 7 / 10 ===
Mode:          OpenMP
Total time:              5.25573e+07 microseconds
Total iterations:        18
Total starting regions:  73254
Total regions in setPhi: 2037400
Total stored regions:    171012
VICTORY
Total time including region generation: 5.99414e+07 microseconds
[EXIT CODE]: 0

=== ITERATION 8 / 10 ===
Mode:          OpenMP
Total time:              5.30141e+07 microseconds
Total iterations:        18
Total starting regions:  73254
Total regions in setPhi: 2037400
Total stored regions:    171012
VICTORY
Total time including region generation: 6.04041e+07 microseconds
[EXIT CODE]: 0

=== ITERATION 9 / 10 ===
Mode:          OpenMP
Total time:              5.29631e+07 microseconds
Total iterations:        18
Total starting regions:  73254
Total regions in setPhi: 2037400
Total stored regions:    171012
VICTORY
Total time including region generation: 6.0486e+07 microseconds
[EXIT CODE]: 0

=== ITERATION 10 / 10 ===
Mode:          OpenMP
Total time:              5.24139e+07 microseconds
Total iterations:        18
Total starting regions:  73254
Total regions in setPhi: 2037400
Total stored regions:    171012
VICTORY
Total time including region generation: 5.97998e+07 microseconds
[EXIT CODE]: 0

